egment 2: paddr=000410ac vaddrï¿½ets Jul 29 2019 12:21:46

rst:0x1 (POWERON_RESET),boot:0x13 (SPI_FAST_FLASH_BOOT)
configsip: 0, SPIWP:0xee
clk_drv:0x00,q_drv:0x00,d_drv:0x00,cs0_drv:0x00,hd_drv:0x00,wp_drv:0x00
mode:DIO, clock div:2
load:0x3fff0030,len:6328
load:0x40078000,len:15828
load:0x40080400,len:3860
entry 0x40080638
[0;32mI (27) boot: ESP-IDF v5.5-dev-1050-gb5ac4fbdf9 2nd stage bootloader[0m
[0;32mI (27) boot: compile time Apr  1 2025 16:03:06[0m
[0;32mI (27) boot: Multicore bootloader[0m
[0;32mI (30) boot: chip revision: v3.1[0m
[0;32mI (33) boot.esp32: SPI Speed      : 40MHz[0m
[0;32mI (37) boot.esp32: SPI Mode       : DIO[0m
[0;32mI (40) boot.esp32: SPI Flash Size : 2MB[0m
[0;32mI (44) boot: Enabling RNG early entropy source...[0m
[0;32mI (49) boot: Partition Table:[0m
[0;32mI (51) boot: ## Label            Usage          Type ST Offset   Length[0m
[0;32mI (57) boot:  0 nvs              WiFi data        01 02 00009000 00006000[0m
[0;32mI (64) boot:  1 phy_init         RF data          01 01 0000f000 00001000[0m
[0;32mI (71) boot:  2 factory          factory app      00 00 00010000 00100000[0m
[0;32mI (77) boot: End of partition table[0m
[0;32mI (80) esp_image: segment 0: paddr=00010020 vaddr=3f400020 size=31060h (200800) map[0m
[0;32mI (156) esp_image: segment 1: paddr=00041088 vaddr=3ff80000 size=0001ch (    28) load[0m
[0;32mI (157) esp_image: segment 2: paddr=000410ac vaddr=3ffb0000 size=03fd8h ( 16344) load[0m
[0;32mI (166) esp_image: segment 3: paddr=0004508c vaddr=40080000 size=0af8ch ( 44940) load[0m
[0;32mI (185) esp_image: segment 4: paddr=00050020 vaddr=400d0020 size=a880ch (690188) map[0m
[0;32mI (421) esp_image: segment 5: paddr=000f8834 vaddr=4008af8c size=0cb14h ( 51988) load[0m
[0;32mI (453) boot: Loaded app from partition at offset 0x10000[0m
[0;32mI (453) boot: Disabling RNG early entropy source...[0m
[0;32mI (464) cpu_start: Multicore app[0m
[0;32mI (472) cpu_start: Pro cpu start user code[0m
[0;32mI (472) cpu_start: cpu freq: 160000000 Hz[0m
[0;32mI (472) app_init: Application information:[0m
[0;32mI (472) app_init: Project name:     wifiRelay[0m
[0;32mI (477) app_init: App version:      1[0m
[0;32mI (480) app_init: Compile time:     Apr  1 2025 16:05:30[0m
[0;32mI (485) app_init: ELF file SHA256:  17b4530cc...[0m
[0;32mI (489) app_init: ESP-IDF:          v5.5-dev-1050-gb5ac4fbdf9[0m
[0;32mI (495) efuse_init: Min chip rev:     v0.0[0m
[0;32mI (499) efuse_init: Max chip rev:     v3.99 [0m
[0;32mI (503) efuse_init: Chip rev:         v3.1[0m
[0;32mI (507) heap_init: Initializing. RAM available for dynamic allocation:[0m
[0;32mI (513) heap_init: At 3FFAE6E0 len 00001920 (6 KiB): DRAM[0m
[0;32mI (518) heap_init: At 3FFB9780 len 00026880 (154 KiB): DRAM[0m
[0;32mI (523) heap_init: At 3FFE0440 len 00003AE0 (14 KiB): D/IRAM[0m
[0;32mI (528) heap_init: At 3FFE4350 len 0001BCB0 (111 KiB): D/IRAM[0m
[0;32mI (534) heap_init: At 40097AA0 len 00008560 (33 KiB): IRAM[0m
[0;32mI (541) spi_flash: detected chip: generic[0m
[0;32mI (543) spi_flash: flash io: dio[0m
[0;33mW (546) spi_flash: Detected size(4096k) larger than the size in the binary image header(2048k). Using the size in the binary image header.[0m
[0;32mI (559) main_task: Started on CPU0[0m
[0;32mI (569) main_task: Calling app_main()[0m
[0;33mW (609) ESP32_SSL: No WiFi credentials found, starting webserver for setup.[0m

assert failed: tcpip_send_msg_wait_sem /IDF/components/lwip/lwip/src/api/tcpip.c:454 (Invalid mbox)


Backtrace: 0x40081b2d:0x3ffbb5c0 0x400897e1:0x3ffbb5e0 0x400916d1:0x3ffbb600 0x400e02f3:0x3ffbb720 0x400f4906:0x3ffbb750 0x400f4999:0x3ffbb770 0x400f3f35:0x3ffbb7c0 0x400fbc91:0x3ffbb7e0 0x400fc370:0x3ffbb840 0x400d9e13:0x3ffbb870 0x400d9ebb:0x3ffbb910 0x400d9f39:0x3ffbba50 0x4017691f:0x3ffbba80 0x4008a285:0x3ffbbab0




ELF file SHA256: 17b4530cc

Rebooting...
ets Jul 29 2019 12:21:46

rst:0xc (SW_CPU_RESET),boot:0x13 (SPI_FAST_FLASH_BOOT)
configsip: 0, SPIWP:0xee
clk_drv:0x00,q_drv:0x00,d_drv:0x00,cs0_drv:0x00,hd_drv:0x00,wp_drv:0x00
mode:DIO, clock div:2
load:0x3fff0030,len:6328
load:0x40078000,len:15828
load:0x40080400,len:3860
entry 0x40080638
[0;32mI (27) boot: ESP-IDF v5.5-dev-1050-gb5ac4fbdf9 2nd stage bootloader[0m
[0;32mI (27) boot: compile time Apr  1 2025 16:03:06[0m
[0;32mI (27) boot: Multicore bootloader[0m
[0;32mI (30) boot: chip revision: v3.1[0m
[0;32mI (33) boot.esp32: SPI Speed      : 40MHz[0m
[0;32mI (37) boot.esp32: SPI Mode       : DIO[0m
[0;32mI (40) boot.esp32: SPI Flash Size : 2MB[0m
[0;32mI (44) boot: Enabling RNG early entropy source...[0m
[0;32mI (48) boot: Partition Table:[0m
[0;32mI (51) boot: ## Label            Usage          Type ST Offset   Length[0m
[0;32mI (57) boot:  0 nvs              WiFi data        01 02 00009000 00006000[0m
[0;32mI (64) boot:  1 phy_init         RF data          01 01 0000f000 00001000[0m
[0;32mI (70) boot:  2 factory          factory app      00 00 00010000 00100000[0m
[0;32mI (77) boot: End of partition table[0m
[0;32mI (80) esp_image: segment 0: paddr=00010020 vaddr=3f400020 size=31060h (200800) map[0m
[0;32mI (156) esp_image: segment 1: paddr=00041088 vaddr=3ff80000 size=0001ch (    28) load[0m
[0;32mI (157) esp_image: segment 2: paddr=000410ac vaddr=3ffb0000 size=03fd8h ( 16344) load[0m
[0;32mI (166) esp_image: segment 3: paddr=0004508c vaddr=40080000 size=0af8ch ( 44940) load[0m
[0;32mI (185) esp_image: segment 4: paddr=00050020 vaddr=400d0020 size=a880ch (690188) map[0m
[0;32mI (421) esp_image: segment 5: paddr=000f8834 vaddr=4008af8c size=0cb14h ( 51988) load[0m
[0;32mI (453) boot: Loaded app from partition at offset 0x10000[0m
[0;32mI (453) boot: Disabling RNG early entropy source...[0m
[0;32mI (464) cpu_start: Multicore app[0m
[0;32mI (472) cpu_start: Pro cpu start user code[0m
[0;32mI (472) cpu_start: cpu freq: 160000000 Hz[0m
[0;32mI (472) app_init: Application information:[0m
[0;32mI (472) app_init: Project name:     wifiRelay[0m
[0;32mI (476) app_init: App version:      1[0m
[0;32mI (480) app_init: Compile time:     Apr  1 2025 16:05:30[0m
[0;32mI (485) app_init: ELF file SHA256:  17b4530cc...[0m
[0;32mI (489) app_init: ESP-IDF:          v5.5-dev-1050-gb5ac4fbdf9[0m
[0;32mI (495) efuse_init: Min chip rev:     v0.0[0m
[0;32mI (499) efuse_init: Max chip rev:     v3.99 [0m
[0;32mI (503) efuse_init: Chip rev:         v3.1[0m
[0;32mI (507) heap_init: Initializing. RAM available for dynamic allocation:[0m
[0;32mI (513) heap_init: At 3FFAE6E0 len 00001920 (6 KiB): DRAM[0m
[0;32mI (518) heap_init: At 3FFB9780 len 00026880 (154 KiB): DRAM[0m
[0;32mI (523) heap_init: At 3FFE0440 len 00003AE0 (14 KiB): D/IRAM[0m
[0;32mI (528) heap_init: At 3FFE4350 len 0001BCB0 (111 KiB): D/IRAM[0m
[0;32mI (534) heap_init: At 40097AA0 len 00008560 (33 KiB): IRAM[0m
[0;32mI (541) spi_flash: detected chip: generic[0m
[0;32mI (543) spi_flash: flash io: dio[0m
[0;33mW (546) spi_flash: Detected size(4096k) larger than the size in the binary image header(2048k). Using the size in the binary image header.[0m
[0;32mI (559) main_task: Started on CPU0[0m
[0;32mI (569) main_task: Calling app_main()[0m
[0;33mW (609) ESP32_SSL: No WiFi credentials found, starting webserver for setup.[0m

assert failed: tcpip_send_msg_wait_sem /IDF/components/lwip/lwip/src/api/tcpip.c:454 (Invalid mbox)


Backtrace: 0x40081b2d:0x3ffbb5c0 0x400897e1:0x3ffbb5e0 0x400916d1:0x3ffbb600 0x400e02f3:0x3ffbb720 0x400f4906:0x3ffbb750 0x400f4999:0x3ffbb770 0x400f3f35:0x3ffbb7c0 0x400fbc91:0x3ffbb7e0 0x400fc370:0x3ffbb840 0x400d9e13:0x3ffbb870 0x400d9ebb:0x3ffbb910 0x400d9f39:0x3ffbba50 0x4017691f:0x3ffbba80 0x4008a285:0x3ffbbab0




ELF file SHA256: 17b4530cc

Rebooting...
ets Jul 29 2019 12:21:46

rst:0xc (SW_CPU_RESET),boot:0x13 (SPI_FAST_FLASH_BOOT)
configsip: 0, SPIWP:0xee
clk_drv:0x00,q_drv:0x00,d_drv:0x00,cs0_drv:0x00,hd_drv:0x00,wp_drv:0x00
mode:DIO, clock div:2
load:0x3fff0030,len:6328
load:0x40078000,len:15828
load:0x40080400,len:3860
entry 0x40080638
[0;32mI (27) boot: ESP-IDF v5.5-dev-1050-gb5ac4fbdf9 2nd stage bootloader[0m
[0;32mI (27) boot: compile time Apr  1 2025 16:03:06[0m
[0;32mI (27) boot: Multicore bootloader[0m
[0;32mI (30) boot: chip revision: v3.1[0m
[0;32mI (33) boot.esp32: SPI Speed      : 40MHz[0m
[0;32mI (37) boot.esp32: SPI Mode       : DIO[0m
[0;32mI (40) boot.esp32: SPI Flash Size : 2MB[0m
[0;32mI (44) boot: Enabling RNG early entropy source...[0m
[0;32mI (48) boot: Partition Table:[0m
[0;32mI (51) boot: ## Label            Usage          Type ST Offset   Length[0m
[0;32mI (57) boot:  0 nvs              WiFi data        01 02 00009000 00006000[0m
[0;32mI (64) boot:  1 phy_init         RF data          01 01 0000f000 00001000[0m
[0;32mI (70) boot:  2 factory          factory app      00 00 00010000 00100000[0m
[0;32mI (77) boot: End of partition table[0m
[0;32mI (80) esp_image: segment 0: paddr=00010020 vaddr=3f400020 size=31060h (200800) map[0m
[0;32mI (156) esp_image: segment 1: paddr=00041088 vaddr=3ff80000 size=0001ch (    28) load[0m
[0;32mI (157) esp_image: segment 2: paddr=000410ac vaddr=3ffb0000 size=03fd8h ( 16344) load[0m
[0;32mI (166) esp_image: segment 3: paddr=0004508c vaddr=40080000 size=0af8ch ( 44940) load[0m
[0;32mI (185) esp_image: segment 4: paddr=00050020 vaddr=400d0020 size=a880ch (690188) map[0m
[0;32mI (421) esp_image: segment 5: paddr=000f8834 vaddr=4008af8c size=0cb14h ( 51988) load[0m
[0;32mI (453) boot: Loaded app from partition at offset 0x10000[0m
[0;32mI (453) boot: Disabling RNG early entropy source...[0m
[0;32mI (464) cpu_start: Multicore app[0m
[0;32mI (472) cpu_start: Pro cpu start user code[0m
[0;32mI (472) cpu_start: cpu freq: 160000000 Hz[0m
[0;32mI (472) app_init: Application information:[0m
[0;32mI (472) app_init: Project name:     wifiRelay[0m
[0;32mI (476) app_init: App version:      1[0m
[0;32mI (480) app_init: Compile time:     Apr  1 2025 16:05:30[0m
[0;32mI (485) app_init: ELF file SHA256:  17b4530cc...[0m
[0;32mI (489) app_init: ESP-IDF:          v5.5-dev-1050-gb5ac4fbdf9[0m
[0;32mI (495) efuse_init: Min chip rev:     v0.0[0m
[0;32mI (499) efuse_init: Max chip rev:     v3.99 [0m
[0;32mI (502) efuse_init: Chip rev:         v3.1[0m
[0;32mI (507) heap_init: Initializing. RAM available for dynamic allocation:[0m
[0;32mI (513) heap_init: At 3FFAE6E0 len 00001920 (6 KiB): DRAM[0m
[0;32mI (518) heap_init: At 3FFB9780 len 00026880 (154 KiB): DRAM[0m
[0;32mI (523) heap_init: At 3FFE0440 len 00003AE0 (14 KiB): D/IRAM[0m
[0;32mI (528) heap_init: At 3FFE4350 len 0001BCB0 (111 KiB): D/IRAM[0m
[0;32mI (534) heap_init: At 40097AA0 len 00008560 (33 KiB): IRAM[0m
[0;32mI (541) spi_flash: detected chip: generic[0m
[0;32mI (543) spi_flash: flash io: dio[0m
[0;33mW (546) spi_flash: Detected size(4096k) larger than the size in the binary image header(2048k). Using the size in the binary image header.[0m
[0;32mI (559) main_task: Started on CPU0[0m
[0;32mI (569) main_task: Calling app_main()[0m
[0;33mW (609) ESP32_SSL: No WiFi credentials found, starting webserver for setup.[0m

assert failed: tcpip_send_msg_wait_sem /IDF/components/lwip/lwip/src/api/tcpip.c:454 (Invalid mbox)


Backtrace: 0x40081b2d:0x3ffbb5c0 0x400897e1:0x3ffbb5e0 0x400916d1:0x3ffbb600 0x400e02f3:0x3ffbb720 0x400f4906:0x3ffbb750 0x400f4999:0x3ffbb770 0x400f3f35:0x3ffbb7c0 0x400fbc91:0x3ffbb7e0 0x400fc370:0x3ffbb840 0x400d9e13:0x3ffbb870 0x400d9ebb:0x3ffbb910 0x400d9f39:0x3ffbba50 0x4017691f:0x3ffbba80 0x4008a285:0x3ffbbab0




ELF file SHA256: 17b4530cc

Rebooting...
ets Jul 29 2019 12:21:46

rst:0xc (SW_CPU_RESET),boot:0x13 (SPI_FAST_FLASH_BOOT)
configsip: 0, SPIWP:0xee
clk_drv:0x00,q_drv:0x00,d_drv:0x00,cs0_drv:0x00,hd_drv:0x00,wp_drv:0x00
mode:DIO, clock div:2
load:0x3fff0030,len:6328
load:0x40078000,len:15828
load:0x40080400,len:3860
entry 0x40080638
[0;32mI (27) boot: ESP-IDF v5.5-dev-1050-gb5ac4fbdf9 2nd stage bootloader[0m
[0;32mI (27) boot: compile time Apr  1 2025 16:03:06[0m
[0;32mI (27) boot: Multicore bootloader[0m
[0;32mI (30) boot: chip revision: v3.1[0m
[0;32mI (33) boot.esp32: SPI Speed      : 40MHz[0m
[0;32mI (37) boot.esp32: SPI Mode       : DIO[0m
[0;32mI (40) boot.esp32: SPI Flash Size : 2MB[0m
[0;32mI (44) boot: Enabling RNG early entropy source...[0m
[0;32mI (48) boot: Partition Table:[0m
[0;32mI (51) boot: ## Label            Usage          Type ST Offset   Length[0m
[0;32mI (57) boot:  0 nvs              WiFi data        01 02 00009000 00006000[0m
[0;32mI (64) boot:  1 phy_init         RF data          01 01 0000f000 00001000[0m
[0;32mI (70) boot:  2 factory          factory app      00 00 00010000 00100000[0m
[0;32mI (77) boot: End of partition table[0m
[0;32mI (80) esp_image: segment 0: paddr=00010020 vaddr=3f400020 size=31060h (200800) map[0m
[0;32mI (156) esp_image: segment 1: paddr=00041088 vaddr=3ff80000 size=0001ch (    28) load[0m
[0;32mI (157) esp_image: segment 2: paddr=000410ac vaddr=3ffb0000 size=03fd8h ( 16344) load[0m
[0;32mI (166) esp_image: segment 3: paddr=0004508c vaddr=40080000 size=0af8ch ( 44940) load[0m
[0;32mI (185) esp_image: segment 4: paddr=00050020 vaddr=400d0020 size=a880ch (690188) map[0m
[0;32mI (421) esp_image: segment 5: paddr=000f8834 vaddr=4008af8c size=0cb14h ( 51988) load[0m
[0;32mI (453) boot: Loaded app from partition at offset 0x10000[0m
[0;32mI (453) boot: Disabling RNG early entropy source...[0m
[0;32mI (464) cpu_start: Multicore app[0m
[0;32mI (472) cpu_start: Pro cpu start user code[0m
[0;32mI (472) cpu_start: cpu freq: 160000000 Hz[0m
[0;32mI (472) app_init: Application information:[0m
[0;32mI (472) app_init: Project name:     wifiRelay[0m
[0;32mI (476) app_init: App version:      1[0m
[0;32mI (480) app_init: Compile time:     Apr  1 2025 16:05:30[0m
[0;32mI (485) app_init: ELF file SHA256:  17b4530cc...[0m
[0;32mI (489) app_init: ESP-IDF:          v5.5-dev-1050-gb5ac4fbdf9[0m
[0;32mI (495) efuse_init: Min chip rev:     v0.0[0m
[0;32mI (499) efuse_init: Max chip rev:     v3.99 [0m
[0;32mI (502) efuse_init: Chip rev:         v3.1[0m
[0;32mI (507) heap_init: Initializing. RAM available for dynamic allocation:[0m
[0;32mI (513) heap_init: At 3FFAE6E0 len 00001920 (6 KiB): DRAM[0m
[0;32mI (518) heap_init: At 3FFB9780 len 00026880 (154 KiB): DRAM[0m
[0;32mI (523) heap_init: At 3FFE0440 len 00003AE0 (14 KiB): D/IRAM[0m
[0;32mI (528) heap_init: At 3FFE4350 len 0001BCB0 (111 KiB): D/IRAM[0m
[0;32mI (534) heap_init: At 40097AA0 len 00008560 (33 KiB): IRAM[0m
[0;32mI (541) spi_flash: detected chip: generic[0m
[0;32mI (543) spi_flash: flash io: dio[0m
[0;33mW (546) spi_flash: Detected size(4096k) larger than the size in the binary image header(2048k). Using the size in the binary image header.[0m
[0;32mI (559) main_task: Started on CPU0[0m
[0;32mI (569) main_task: Calling app_main()[0m
[0;33mW (609) ESP32_SSL: No WiFi credentials found, starting webserver for setup.[0m

assert failed: tcpip_send_msg_wait_sem /IDF/components/lwip/lwip/src/api/tcpip.c:454 (Invalid mbox)


Backtrace: 0x40081b2d:0x3ffbb5c0 0x400897e1:0x3ffbb5e0 0x400916d1:0x3ffbb600 0x400e02f3:0x3ffbb720 0x400f4906:0x3ffbb750 0x400f4999:0x3ffbb770 0x400f3f35:0x3ffbb7c0 0x400fbc91:0x3ffbb7e0 0x400fc370:0x3ffbb840 0x400d9e13:0x3ffbb870 0x400d9ebb:0x3ffbb910 0x400d9f39:0x3ffbba50 0x4017691f:0x3ffbba80 0x4008a285:0x3ffbbab0




ELF file SHA256: 17b4530cc

Rebooting...
ets Jul 29 2019 12:21:46

rst:0xc (SW_CPU_RESET),boot:0x13 (SPI_FAST_FLASH_BOOT)
configsip: 0, SPIWP:0xee
clk_drv:0x00,q_drv:0x00,d_drv:0x00,cs0_drv:0x00,hd_drv:0x00,wp_drv:0x00
mode:DIO, clock div:2
load:0x3fff0030,len:6328
load:0x40078000,len:15828
load:0x40080400,len:3860
entry 0x40080638
[0;32mI (27) boot: ESP-IDF v5.5-dev-1050-gb5ac4fbdf9 2nd stage bootloader[0m
[0;32mI (27) boot: compile time Apr  1 2025 16:03:06[0m
[0;32mI (27) boot: Multicore bootloader[0m
[0;32mI (30) boot: chip revision: v3.1[0m
[0;32mI (33) boot.esp32: SPI Speed      : 40MHz[0m
[0;32mI (37) boot.esp32: SPI Mode       : DIO[0m
[0;32mI (40) boot.esp32: SPI Flash Size : 2MB[0m
[0;32mI (44) boot: Enabling RNG early entropy source...[0m
[0;32mI (48) boot: Partition Table:[0m
[0;32mI (51) boot: ## Label            Usage          Type ST Offset   Length[0m
[0;32mI (57) boot:  0 nvs              WiFi data        01 02 00009000 00006000[0m
[0;32mI (64) boot:  1 phy_init         RF data          01 01 0000f000 00001000[0m
[0;32mI (70) boot:  2 factory          factory app      00 00 00010000 00100000[0m
[0;32mI (77) boot: End of partition table[0m
[0;32mI (80) esp_image: segment 0: paddr=00010020 vaddr=3f400020 size=31060h (200800) map[0m
[0;32mI (156) esp_image: segment 1: paddr=00041088 vaddr=3ff80000 size=0001ch (    28) load[0m
[0;32mI (157) esp_image: segment 2: paddr=000410ac vaddr=3ffb0000 size=03fd8h ( 16344) load[0m
[0;32mI (166) esp_image: segment 3: paddr=0004508c vaddr=40080000 size=0af8ch ( 44940) load[0m
[0;32mI (185) esp_image: segment 4: paddr=00050020 vaddr=400d0020 size=a880ch (690188) map[0m
[0;32mI (421) esp_image: segment 5: paddr=000f8834 vaddr=4008af8c size=0cb14h ( 51988) load[0m
[0;32mI (453) boot: Loaded app from partition at offset 0x10000[0m
[0;32mI (453) boot: Disabling RNG early entropy source...[0m
[0;32mI (464) cpu_start: Multicore app[0m
[0;32mI (472) cpu_start: Pro cpu start user code[0m
[0;32mI (472) cpu_start: cpu freq: 160000000 Hz[0m
[0;32mI (472) app_init: Application information:[0m
[0;32mI (472) app_init: Project name:     wifiRelay[0m
[0;32mI (476) app_init: App version:      1[0m
[0;32mI (480) app_init: Compile time:     Apr  1 2025 16:05:30[0m
[0;32mI (485) app_init: ELF file SHA256:  17b4530cc...[0m
[0;32mI (489) app_init: ESP-IDF:          v5.5-dev-1050-gb5ac4fbdf9[0m
[0;32mI (495) efuse_init: Min chip rev:     v0.0[0m
[0;32mI (499) efuse_init: Max chip rev:     v3.99 [0m
[0;32mI (502) efuse_init: Chip rev:         v3.1[0m
[0;32mI (507) heap_init: Initializing. RAM available for dynamic allocation:[0m
[0;32mI (513) heap_init: At 3FFAE6E0 len 00001920 (6 KiB): DRAM[0m
[0;32mI (518) heap_init: At 3FFB9780 len 00026880 (154 KiB): DRAM[0m
[0;32mI (523) heap_init: At 3FFE0440 len 00003AE0 (14 KiB): D/IRAM[0m
[0;32mI (528) heap_init: At 3FFE4350 len 0001BCB0 (111 KiB): D/IRAM[0m
[0;32mI (534) heap_init: At 40097AA0 len 00008560 (33 KiB): IRAM[0m
[0;32mI (541) spi_flash: detected chip: generic[0m
[0;32mI (543) spi_flash: flash io: dio[0m
[0;33mW (546) spi_flash: Detected size(4096k) larger than the size in the binary image header(2048k). Using the size in the binary image header.[0m
[0;32mI (559) main_task: Started on CPU0[0m
[0;32mI (569) main_task: Calling app_main()[0m
[0;33mW (609) ESP32_SSL: No WiFi credentials found, starting webserver for setup.[0m

assert failed: tcpip_send_msg_wait_sem /IDF/components/lwip/lwip/src/api/tcpip.c:454 (Invalid mbox)


Backtrace: 0x40081b2d:0x3ffbb5c0 0x400897e1:0x3ffbb5e0 0x400916d1:0x3ffbb600 0x400e02f3:0x3ffbb720 0x400f4906:0x3ffbb750 0x400f4999:0x3ffbb770 0x400f3f35:0x3ffbb7c0 0x400fbc91:0x3ffbb7e0 0x400fc370:0x3ffbb840 0x400d9e13:0x3ffbb870 0x400d9ebb:0x3ffbb910 0x400d9f39:0x3ffbba50 0x4017691f:0x3ffbba80 0x4008a285:0x3ffbbab0




ELF file SHA256: 17b4530cc

Rebooting...
ets Jul 29 2019 12:21:46

rst:0xc (SW_CPU_RESET),boot:0x13 (SPI_FAST_FLASH_BOOT)
configsip: 0, SPIWP:0xee
clk_drv:0x00,q_drv:0x00,d_drv:0x00,cs0_drv:0x00,hd_drv:0x00,wp_drv:0x00
mode:DIO, clock div:2
load:0x3fff0030,len:6328
load:0x40078000,len:15828
load:0x40080400,len:3860
entry 0x40080638
[0;32mI (27) boot: ESP-IDF v5.5-dev-1050-gb5ac4fbdf9 2nd stage bootloader[0m
[0;32mI (27) boot: compile time Apr  1 2025 16:03:06[0m
[0;32mI (27) boot: Multicore bootloader[0m
[0;32mI (30) boot: chip revision: v3.1[0m
[0;32mI (33) boot.esp32: SPI Speed      : 40MHz[0m
[0;32mI (37) boot.esp32: SPI Mode       : DIO[0m
[0;32mI (40) boot.esp32: SPI Flash Size : 2MB[0m
[0;32mI (44) boot: Enabling RNG early entropy source...[0m
[0;32mI (48) boot: Partition Table:[0m
[0;32mI (51) boot: ## Label            Usage          Type ST Offset   Length[0m
[0;32mI (57) boot:  0 nvs              WiFi data        01 02 00009000 00006000[0m
[0;32mI (64) boot:  1 phy_init         RF data          01 01 0000f000 00001000[0m
[0;32mI (70) boot:  2 factory          factory app      00 00 00010000 00100000[0m
[0;32mI (77) boot: End of partition table[0m
[0;32mI (80) esp_image: segment 0: paddr=00010020 vaddr=3f400020 size=31060h (200800) map[0m
[0;32mI (156) esp_image: segment 1: paddr=00041088 vaddr=3ff80000 size=0001ch (    28) load[0m
[0;32mI (157) esp_image: segment 2: paddr=000410ac vaddr=3ffb0000 size=03fd8h ( 16344) load[0m
[0;32mI (166) esp_image: segment 3: paddr=0004508c vaddr=40080000 size=0af8ch ( 44940) load[0m
[0;32mI (185) esp_image: segment 4: paddr=00050020 vaddr=400d0020 size=a880ch (690188) map[0m
[0;32mI (421) esp_image: segment 5: paddr=000f8834 vaddr=4008af8c size=0cb14h ( 51988) load[0m
[0;32mI (453) boot: Loaded app from partition at offset 0x10000[0m
[0;32mI (453) boot: Disabling RNG early entropy source...[0m
[0;32mI (464) cpu_start: Multicore app[0m
[0;32mI (472) cpu_start: Pro cpu start user code[0m
[0;32mI (472) cpu_start: cpu freq: 160000000 Hz[0m
[0;32mI (472) app_init: Application information:[0m
[0;32mI (472) app_init: Project name:     wifiRelay[0m
[0;32mI (476) app_init: App version:      1[0m
[0;32mI (480) app_init: Compile time:     Apr  1 2025 16:05:30[0m
[0;32mI (485) app_init: ELF file SHA256:  17b4530cc...[0m
[0;32mI (489) app_init: ESP-IDF:          v5.5-dev-1050-gb5ac4fbdf9[0m
[0;32mI (495) efuse_init: Min chip rev:     v0.0[0m
[0;32mI (499) efuse_init: Max chip rev:     v3.99 [0m
[0;32mI (502) efuse_init: Chip rev:         v3.1[0m
[0;32mI (507) heap_init: Initializing. RAM available for dynamic allocation:[0m
[0;32mI (513) heap_init: At 3FFAE6E0 len 00001920 (6 KiB): DRAM[0m
[0;32mI (518) heap_init: At 3FFB9780 len 00026880 (154 KiB): DRAM[0m
[0;32mI (523) heap_init: At 3FFE0440 len 00003AE0 (14 KiB): D/IRAM[0m
[0;32mI (528) heap_init: At 3FFE4350 len 0001BCB0 (111 KiB): D/IRAM[0m
[0;32mI (534) heap_init: At 40097AA0 len 00008560 (33 KiB): IRAM[0m
[0;32mI (541) spi_flash: detected chip: generic[0m
[0;32mI (543) spi_flash: flash io: dio[0m
[0;33mW (546) spi_flash: Detected size(4096k) larger than the size in the binary image header(2048k). Using the size in the binary image header.[0m
[0;32mI (559) main_task: Started on CPU0[0m
[0;32mI (569) main_task: Calling app_main()[0m
[0;33mW (609) ESP32_SSL: No WiFi credentials found, starting webserver for setup.[0m

assert failed: tcpip_send_msg_wait_sem /IDF/components/lwip/lwip/src/api/tcpip.c:454 (Invalid mbox)


Backtrace: 0x40081b2d:0x3ffbb5c0 0x400897e1:0x3ffbb5e0 0x400916d1:0x3ffbb600 0x400e02f3:0x3ffbb720 0x400f4906:0x3ffbb750 0x400f4999:0x3ffbb770 0x400f3f35:0x3ffbb7c0 0x400fbc91:0x3ffbb7e0 0x400fc370:0x3ffbb840 0x400d9e13:0x3ffbb870 0x400d9ebb:0x3ffbb910 0x400d9f39:0x3ffbba50 0x4017691f:0x3ffbba80 0x4008a285:0x3ffbbab0




ELF file SHA256: 17b4530cc

Rebooting...
ets Jul 29 2019 12:21:46

rst:0xc (SW_CPU_RESET),boot:0x13 (SPI_FAST_FLASH_BOOT)
configsip: 0, SPIWP:0xee
clk_drv:0x00,q_drv:0x00,d_drv:0x00,cs0_drv:0x00,hd_drv:0x00,wp_drv:0x00
mode:DIO, clock div:2
load:0x3fff0030,len:6328
load:0x40078000,len:15828
load:0x40080400,len:3860
entry 0x40080638
[0;32mI (27) boot: ESP-IDF v5.5-dev-1050-gb5ac4fbdf9 2nd stage bootloader[0m
[0;32mI (27) boot: compile time Apr  1 2025 16:03:06[0m
[0;32mI (27) boot: Multicore bootloader[0m
[0;32mI (30) boot: chip revision: v3.1[0m
[0;32mI (33) boot.esp32: SPI Speed      : 40MHz[0m
[0;32mI (37) boot.esp32: SPI Mode       : DIO[0m
[0;32mI (40) boot.esp32: SPI Flash Size : 2MB[0m
[0;32mI (44) boot: Enabling RNG early entropy source...[0m
[0;32mI (48) boot: Partition Table:[0m
[0;32mI (51) boot: ## Label            Usage          Type ST Offset   Length[0m
[0;32mI (57) boot:  0 nvs              WiFi data        01 02 00009000 00006000[0m
[0;32mI (64) boot:  1 phy_init         RF data          01 01 0000f000 00001000[0m
[0;32mI (70) boot:  2 factory          factory app      00 00 00010000 00100000[0m
[0;32mI (77) boot: End of partition table[0m
[0;32mI (80) esp_image: segment 0: paddr=00010020 vaddr=3f400020 size=31060h (200800) map[0m
[0;32mI (156) esp_image: segment 1: paddr=00041088 vaddr=3ff80000 size=0001ch (    28) load[0m
[0;32mI (157) esp_image: segment 2: paddr=000410ac vaddr=3ffb0000 size=03fd8h ( 16344) load[0m
[0;32mI (166) esp_image: segment 3: paddr=0004508c vaddr=40080000 size=0af8ch ( 44940) load[0m
[0;32mI (185) esp_image: segment 4: paddr=00050020 vaddr=400d0020 size=a880ch (690188) map[0m
[0;32mI (421) esp_image: segment 5: paddr=000f8834 vaddr=4008af8c size=0cb14h ( 51988) load[0m
[0;32mI (453) boot: Loaded app from partition at offset 0x10000[0m
[0;32mI (453) boot: Disabling RNG early entropy source...[0m
[0;32mI (464) cpu_start: Multicore app[0m
[0;32mI (472) cpu_start: Pro cpu start user code[0m
[0;32mI (472) cpu_start: cpu freq: 160000000 Hz[0m
[0;32mI (472) app_init: Application information:[0m
[0;32mI (472) app_init: Project name:     wifiRelay[0m
[0;32mI (476) app_init: App version:      1[0m
[0;32mI (480) app_init: Compile time:     Apr  1 2025 16:05:30[0m
[0;32mI (485) app_init: ELF file SHA256:  17b4530cc...[0m
[0;32mI (489) app_init: ESP-IDF:          v5.5-dev-1050-gb5ac4fbdf9[0m
[0;32mI (495) efuse_init: Min chip rev:     v0.0[0m
[0;32mI (499) efuse_init: Max chip rev:     v3.99 [0m
[0;32mI (502) efuse_init: Chip rev:         v3.1[0m
[0;32mI (507) heap_init: Initializing. RAM available for dynamic allocation:[0m
[0;32mI (513) heap_init: At 3FFAE6E0 len 00001920 (6 KiB): DRAM[0m
[0;32mI (518) heap_init: At 3FFB9780 len 00026880 (154 KiB): DRAM[0m
[0;32mI (523) heap_init: At 3FFE0440 len 00003AE0 (14 KiB): D/IRAM[0m
[0;32mI (528) heap_init: At 3FFE4350 len 0001BCB0 (111 KiB): D/IRAM[0m
[0;32mI (534) heap_init: At 40097AA0 len 00008560 (33 KiB): IRAM[0m
[0;32mI (541) spi_flash: detected chip: generic[0m
[0;32mI (543) spi_flash: flash io: dio[0m
[0;33mW (546) spi_flash: Detected size(4096k) larger than the size in the binary image header(2048k). Using the size in the binary image header.[0m
[0;32mI (559) main_task: Started on CPU0[0m
[0;32mI (569) main_task: Calling app_main()[0m
[0;33mW (609) ESP32_SSL: No WiFi credentials found, starting webserver for setup.[0m

assert failed: tcpip_send_msg_wait_sem /IDF/components/lwip/lwip/src/api/tcpip.c:454 (Invalid mbox)


Backtrace: 0x40081b2d:0x3ffbb5c0 0x400897e1:0x3ffbb5e0 0x400916d1:0x3ffbb600 0x400e02f3:0x3ffbb720 0x400f4906:0x3ffbb750 0x400f4999:0x3ffbb770 0x400f3f35:0x3ffbb7c0 0x400fbc91:0x3ffbb7e0 0x400fc370:0x3ffbb840 0x400d9e13:0x3ffbb870 0x400d9ebb:0x3ffbb910 0x400d9f39:0x3ffbba50 0x4017691f:0x3ffbba80 0x4008a285:0x3ffbbab0




ELF file SHA256: 17b4530cc

Rebooting...
ets Jul 29 2019 12:21:46

rst:0xc (SW_CPU_RESET),boot:0x13 (SPI_FAST_FLASH_BOOT)
configsip: 0, SPIWP:0xee
clk_drv:0x00,q_drv:0x00,d_drv:0x00,cs0_drv:0x00,hd_drv:0x00,wp_drv:0x00
mode:DIO, clock div:2
load:0x3fff0030,len:6328
load:0x40078000,len:15828
load:0x40080400,len:3860
entry 0x40080638
[0;32mI (27) boot: ESP-IDF v5.5-dev-1050-gb5ac4fbdf9 2nd stage bootloader[0m
[0;32mI (27) boot: compile time Apr  1 2025 16:03:06[0m
[0;32mI (27) boot: Multicore bootloader[0m
[0;32mI (30) boot: chip revision: v3.1[0m
[0;32mI (33) boot.esp32: SPI Speed      : 40MHz[0m
[0;32mI (37) boot.esp32: SPI Mode       : DIO[0m
[0;32mI (40) boot.esp32: SPI Flash Size : 2MB[0m
[0;32mI (44) boot: Enabling RNG early entropy source...[0m
[0;32mI (48) boot: Partition Table:[0m
[0;32mI (51) boot: ## Label            Usage          Type ST Offset   Length[0m
[0;32mI (57) boot:  0 nvs              WiFi data        01 02 00009000 00006000[0m
[0;32mI (64) boot:  1 phy_init         RF data          01 01 0000f000 00001000[0m
[0;32mI (70) boot:  2 factory          factory app      00 00 00010000 00100000[0m
[0;32mI (77) boot: End of partition table[0m
[0;32mI (80) esp_image: segment 0: paddr=00010020 vaddr=3f400020 size=31060h (200800) map[0m
[0;32mI (156) esp_image: segment 1: paddr=00041088 vaddr=3ff80000 size=0001ch (    28) load[0m
[0;32mI (157) esp_image: segment 2: paddr=000410ac vaddr=3ffb0000 size=03fd8h ( 16344) load[0m
[0;32mI (166) esp_image: segment 3: paddr=0004508c vaddr=40080000 size=0af8ch ( 44940) load[0m
[0;32mI (185) esp_image: segment 4: paddr=00050020 vaddr=400d0020 size=a880ch (690188) map[0m
[0;32mI (421) esp_image: segment 5: paddr=000f8834 vaddr=4008af8c size=0cb14h ( 51988) load[0m
[0;32mI (453) boot: Loaded app from partition at offset 0x10000[0m
[0;32mI (453) boot: Disabling RNG early entropy source...[0m
[0;32mI (464) cpu_start: Multicore app[0m
[0;32mI (472) cpu_start: Pro cpu start user code[0m
[0;32mI (472) cpu_start: cpu freq: 160000000 Hz[0m
[0;32mI (472) app_init: Application information:[0m
[0;32mI (472) app_init: Project name:     wifiRelay[0m
[0;32mI (476) app_init: App version:      1[0m
[0;32mI (480) app_init: Compile time:     Apr  1 2025 16:05:30[0m
[0;32mI (485) app_init: ELF file SHA256:  17b4530cc...[0m
[0;32mI (489) app_init: ESP-IDF:          v5.5-dev-1050-gb5ac4fbdf9[0m
[0;32mI (495) efuse_init: Min chip rev:     v0.0[0m
[0;32mI (499) efuse_init: Max chip rev:     v3.99 [0m
[0;32mI (502) efuse_init: Chip rev:         v3.1[0m
[0;32mI (507) heap_init: Initializing. RAM available for dynamic allocation:[0m
[0;32mI (513) heap_init: At 3FFAE6E0 len 00001920 (6 KiB): DRAM[0m
[0;32mI (518) heap_init: At 3FFB9780 len 00026880 (154 KiB): DRAM[0m
[0;32mI (523) heap_init: At 3FFE0440 len 00003AE0 (14 KiB): D/IRAM[0m
[0;32mI (528) heap_init: At 3FFE4350 len 0001BCB0 (111 KiB): D/IRAM[0m
[0;32mI (534) heap_init: At 40097AA0 len 00008560 (33 KiB): IRAM[0m
[0;32mI (541) spi_flash: detected chip: generic[0m
[0;32mI (543) spi_flash: flash io: dio[0m
[0;33mW (546) spi_flash: Detected size(4096k) larger than the size in the binary image header(2048k). Using the size in the binary image header.[0m
[0;32mI (559) main_task: Started on CPU0[0m
[0;32mI (569) main_task: Calling app_main()[0m
[0;33mW (609) ESP32_SSL: No WiFi credentials found, starting webserver for setup.[0m

assert failed: tcpip_send_msg_wait_sem /IDF/components/lwip/lwip/src/api/tcpip.c:454 (Invalid mbox)


Backtrace: 0x40081b2d:0x3ffbb5c0 0x400897e1:0x3ffbb5e0 0x400916d1:0x3ffbb600 0x400e02f3:0x3ffbb720 0x400f4906:0x3ffbb750 0x400f4999:0x3ffbb770 0x400f3f35:0x3ffbb7c0 0x400fbc91:0x3ffbb7e0 0x400fc370:0x3ffbb840 0x400d9e13:0x3ffbb870 0x400d9ebb:0x3ffbb910 0x400d9f39:0x3ffbba50 0x4017691f:0x3ffbba80 0x4008a285:0x3ffbbab0




ELF file SHA256: 17b4530cc

Rebooting...
ets Jul 29 2019 12:21:46

rst:0xc (SW_CPU_RESET),boot:0x13 (SPI_FAST_FLASH_BOOT)
configsip: 0, SPIWP:0xee
clk_drv:0x00,q_drv:0x00,d_drv:0x00,cs0_drv:0x00,hd_drv:0x00,wp_drv:0x00
mode:DIO, clock div:2
load:0x3fff0030,len:6328
load:0x40078000,len:15828
load:0x40080400,len:3860
entry 0x40080638
[0;32mI (27) boot: ESP-IDF v5.5-dev-1050-gb5ac4fbdf9 2nd stage bootloader[0m
[0;32mI (27) boot: compile time Apr  1 2025 16:03:06[0m
[0;32mI (27) boot: Multicore bootloader[0m
[0;32mI (30) boot: chip revision: v3.1[0m
[0;32mI (33) boot.esp32: SPI Speed      : 40MHz[0m
[0;32mI (37) boot.esp32: SPI Mode       : DIO[0m
[0;32mI (40) boot.esp32: SPI Flash Size : 2MB[0m
[0;32mI (44) boot: Enabling RNG early entropy source...[0m
[0;32mI (48) boot: Partition Table:[0m
[0;32mI (51) boot: ## Label            Usage          Type ST Offset   Length[0m
[0;32mI (57) boot:  0 nvs              WiFi data        01 02 00009000 00006000[0m
[0;32mI (64) boot:  1 phy_init         RF data          01 01 0000f000 00001000[0m
[0;32mI (70) boot:  2 factory          factory app      00 00 00010000 00100000[0m
[0;32mI (77) boot: End of partition table[0m
[0;32mI (80) esp_image: segment 0: paddr=00010020 vaddr=3f400020 size=31060h (200800) map[0m
[0;32mI (156) esp_image: segment 1: paddr=00041088 vaddr=3ff80000 size=0001ch (    28) load[0m
[0;32mI (157) esp_image: segment 2: paddr=000410ac vaddr=3ffb0000 size=03fd8h ( 16344) load[0m
[0;32mI (166) esp_image: segment 3: paddr=0004508c vaddr=40080000 size=0af8ch ( 44940) load[0m
[0;32mI (185) esp_image: segment 4: paddr=00050020 vaddr=400d0020 size=a880ch (690188) map[0m
[0;32mI (421) esp_image: segment 5: paddr=000f8834 vaddr=4008af8c size=0cb14h ( 51988) load[0m
[0;32mI (453) boot: Loaded app from partition at offset 0x10000[0m
[0;32mI (453) boot: Disabling RNG early entropy source...[0m
[0;32mI (464) cpu_start: Multicore app[0m
[0;32mI (472) cpu_start: Pro cpu start user code[0m
[0;32mI (472) cpu_start: cpu freq: 160000000 Hz[0m
[0;32mI (472) app_init: Application information:[0m
[0;32mI (472) app_init: Project name:     wifiRelay[0m
[0;32mI (476) app_init: App version:      1[0m
[0;32mI (480) app_init: Compile time:     Apr  1 2025 16:05:30[0m
[0;32mI (485) app_init: ELF file SHA256:  17b4530cc...[0m
[0;32mI (489) app_init: ESP-IDF:          v5.5-dev-1050-gb5ac4fbdf9[0m
[0;32mI (495) efuse_init: Min chip rev:     v0.0[0m
[0;32mI (499) efuse_init: Max chip rev:     v3.99 [0m
[0;32mI (502) efuse_init: Chip rev:         v3.1[0m
[0;32mI (507) heap_init: Initializing. RAM available for dynamic allocation:[0m
[0;32mI (513) heap_init: At 3FFAE6E0 len 00001920 (6 KiB): DRAM[0m
[0;32mI (518) heap_init: At 3FFB9780 len 00026880 (154 KiB): DRAM[0m
[0;32mI (523) heap_init: At 3FFE0440 len 00003AE0 (14 KiB): D/IRAM[0m
[0;32mI (528) heap_init: At 3FFE4350 len 0001BCB0 (111 KiB): D/IRAM[0m
[0;32mI (534) heap_init: At 40097AA0 len 00008560 (33 KiB): IRAM[0m
[0;32mI (541) spi_flash: detected chip: generic[0m
[0;32mI (543) spi_flash: flash io: dio[0m
[0;33mW (546) spi_flash: Detected size(4096k) larger than the size in the binary image header(2048k). Using the size in the binary image header.[0m
[0;32mI (559) main_task: Started on CPU0[0m
[0;32mI (569) main_task: Calling app_main()[0m
[0;33mW (609) ESP32_SSL: No WiFi credentials found, starting webserver for setup.[0m

assert failed: tcpip_send_msg_wait_sem /IDF/components/lwip/lwip/src/api/tcpip.c:454 (Invalid mbox)


Backtrace: 0x40081b2d:0x3ffbb5c0 0x400897e1:0x3ffbb5e0 0x400916d1:0x3ffbb600 0x400e02f3:0x3ffbb720 0x400f4906:0x3ffbb750 0x400f4999:0x3ffbb770 0x400f3f35:0x3ffbb7c0 0x400fbc91:0x3ffbb7e0 0x400fc370:0x3ffbb840 0x400d9e13:0x3ffbb870 0x400d9ebb:0x3ffbb910 0x400d9f39:0x3ffbba50 0x4017691f:0x3ffbba80 0x4008a285:0x3ffbbab0




ELF file SHA256: 17b4530cc

Rebooting...
ets Jul 29 2019 12:21:46

rst:0xc (SW_CPU_RESET),boot:0x13 (SPI_FAST_FLASH_BOOT)
configsip: 0, SPIWP:0xee
clk_drv:0x00,q_drv:0x00,d_drv:0x00,cs0_drv:0x00,hd_drv:0x00,wp_drv:0x00
mode:DIO, clock div:2
load:0x3fff0030,len:6328
load:0x40078000,len:15828
load:0x40080400,len:3860
entry 0x40080638
[0;32mI (27) boot: ESP-IDF v5.5-dev-1050-gb5ac4fbdf9 2nd stage bootloader[0m
[0;32mI (27) boot: compile time Apr  1 2025 16:03:06[0m
[0;32mI (27) boot: Multicore bootloader[0m
[0;32mI (30) boot: chip revision: v3.1[0m
[0;32mI (33) boot.esp32: SPI Speed      : 40MHz[0m
[0;32mI (37) boot.esp32: SPI Mode       : DIO[0m
[0;32mI (40) boot.esp32: SPI Flash Size : 2MB[0m
[0;32mI (44) boot: Enabling RNG early entropy source...[0m
[0;32mI (48) boot: Partition Table:[0m
[0;32mI (51) boot: ## Label            Usage          Type ST Offset   Length[0m
[0;32mI (57) boot:  0 nvs              WiFi data        01 02 00009000 00006000[0m
[0;32mI (64) boot:  1 phy_init         RF data          01 01 0000f000 00001000[0m
[0;32mI (70) boot:  2 factory          factory app      00 00 00010000 00100000[0m
[0;32mI (77) boot: End of partition table[0m
[0;32mI (80) esp_image: segment 0: paddr=00010020 vaddr=3f400020 size=31060h (200800) map[0m
[0;32mI (156) esp_image: segment 1: paddr=00041088 vaddr=3ff80000 size=0001ch (    28) load[0m
[0;32mI (157) esp_image: segment 2: paddr=000410ac vaddr=3ffb0000 size=03fd8h ( 16344) load[0m
[0;32mI (166) esp_image: segment 3: paddr=0004508c vaddr=40080000 size=0af8ch ( 44940) load[0m
[0;32mI (185) esp_image: segment 4: paddr=00050020 vaddr=400d0020 size=a880ch (690188) map[0m
[0;32mI (421) esp_image: segment 5: paddr=000f8834 vaddr=4008af8c size=0cb14h ( 51988) load[0m
[0;32mI (453) boot: Loaded app from partition at offset 0x10000[0m
[0;32mI (453) boot: Disabling RNG early entropy source...[0m
[0;32mI (464) cpu_start: Multicore app[0m
[0;32mI (472) cpu_start: Pro cpu start user code[0m
[0;32mI (472) cpu_start: cpu freq: 160000000 Hz[0m
[0;32mI (472) app_init: Application information:[0m
[0;32mI (472) app_init: Project name:     wifiRelay[0m
[0;32mI (476) app_init: App version:      1[0m
[0;32mI (480) app_init: Compile time:     Apr  1 2025 16:05:30[0m
[0;32mI (485) app_init: ELF file SHA256:  17b4530cc...[0m
[0;32mI (489) app_init: ESP-IDF:          v5.5-dev-1050-gb5ac4fbdf9[0m
[0;32mI (495) efuse_init: Min chip rev:     v0.0[0m
[0;32mI (499) efuse_init: Max chip rev:     v3.99 [0m
[0;32mI (502) efuse_init: Chip rev:         v3.1[0m
[0;32mI (507) heap_init: Initializing. RAM available for dynamic allocation:[0m
[0;32mI (513) heap_init: At 3FFAE6E0 len 00001920 (6 KiB): DRAM[0m
[0;32mI (518) heap_init: At 3FFB9780 len 00026880 (154 KiB): DRAM[0m
[0;32mI (523) heap_init: At 3FFE0440 len 00003AE0 (14 KiB): D/IRAM[0m
[0;32mI (528) heap_init: At 3FFE4350 len 0001BCB0 (111 KiB): D/IRAM[0m
[0;32mI (534) heap_init: At 40097AA0 len 00008560 (33 KiB): IRAM[0m
[0;32mI (541) spi_flash: detected chip: generic[0m
[0;32mI (543) spi_flash: flash io: dio[0m
[0;33mW (546) spi_flash: Detected size(4096k) larger than the size in the binary image header(2048k). Using the size in the binary image header.[0m
[0;32mI (559) main_task: Started on CPU0[0m
[0;32mI (569) main_task: Calling app_main()[0m
[0;33mW (609) ESP32_SSL: No WiFi credentials found, starting webserver for setup.[0m

assert failed: tcpip_send_msg_wait_sem /IDF/components/lwip/lwip/src/api/tcpip.c:454 (Invalid mbox)


Backtrace: 0x40081b2d:0x3ffbb5c0 0x400897e1:0x3ffbb5e0 0x400916d1:0x3ffbb600 0x400e02f3:0x3ffbb720 0x400f4906:0x3ffbb750 0x400f4999:0x3ffbb770 0x400f3f35:0x3ffbb7c0 0x400fbc91:0x3ffbb7e0 0x400fc370:0x3ffbb840 0x400d9e13:0x3ffbb870 0x400d9ebb:0x3ffbb910 0x400d9f39:0x3ffbba50 0x4017691f:0x3ffbba80 0x4008a285:0x3ffbbab0




ELF file SHA256: 17b4530cc

Rebooting...
ets Jul 29 2019 12:21:46

rst:0xc (SW_CPU_RESET),boot:0x13 (SPI_FAST_FLASH_BOOT)
configsip: 0, SPIWP:0xee
clk_drv:0x00,q_drv:0x00,d_drv:0x00,cs0_drv:0x00,hd_drv:0x00,wp_drv:0x00
mode:DIO, clock div:2
load:0x3fff0030,len:6328
load:0x40078000,len:15828
load:0x40080400,len:3860
entry 0x40080638
[0;32mI (27) boot: ESP-IDF v5.5-dev-1050-gb5ac4fbdf9 2nd stage bootloader[0m
[0;32mI (27) boot: compile time Apr  1 2025 16:03:06[0m
[0;32mI (27) boot: Multicore bootloader[0m
[0;32mI (30) boot: chip revision: v3.1[0m
[0;32mI (33) boot.esp32: SPI Speed      : 40MHz[0m
[0;32mI (37) boot.esp32: SPI Mode       : DIO[0m
[0;32mI (40) boot.esp32: SPI Flash Size : 2MB[0m
[0;32mI (44) boot: Enabling RNG early entropy source...[0m
[0;32mI (48) boot: Partition Table:[0m
[0;32mI (51) boot: ## Label            Usage          Type ST Offset   Length[0m
[0;32mI (57) boot:  0 nvs              WiFi data        01 02 00009000 00006000[0m
[0;32mI (64) boot:  1 phy_init         RF data          01 01 0000f000 00001000[0m
[0;32mI (70) boot:  2 factory          factory app      00 00 00010000 00100000[0m
[0;32mI (77) boot: End of partition table[0m
[0;32mI (80) esp_image: segment 0: paddr=00010020 vaddr=3f400020 size=31060h (200800) map[0m
[0;32mI (156) esp_image: segment 1: paddr=00041088 vaddr=3ff80000 size=0001ch (    28) load[0m
[0;32mI (157) esp_image: segment 2: paddr=000410ac vaddr=3ffb0000 size=03fd8h ( 16344) load[0m
[0;32mI (166) esp_image: segment 3: paddr=0004508c vaddr=40080000 size=0af8ch ( 44940) load[0m
[0;32mI (185) esp_image: segment 4: paddr=00050020 vaddr=400d0020 size=a880ch (690188) map[0m
[0;32mI (421) esp_image: segment 5: paddr=000f8834 vaddr=4008af8c size=0cb14h ( 51988) load[0m
[0;32mI (453) boot: Loaded app from partition at offset 0x10000[0m
[0;32mI (453) boot: Disabling RNG early entropy source...[0m
[0;32mI (464) cpu_start: Multicore app[0m
[0;32mI (472) cpu_start: Pro cpu start user code[0m
[0;32mI (472) cpu_start: cpu freq: 160000000 Hz[0m
[0;32mI (472) app_init: Application information:[0m
[0;32mI (472) app_init: Project name:     wifiRelay[0m
[0;32mI (476) app_init: App version:      1[0m
[0;32mI (480) app_init: Compile time:     Apr  1 2025 16:05:30[0m
[0;32mI (485) app_init: ELF file SHA256:  17b4530cc...[0m
[0;32mI (489) app_init: ESP-IDF:          v5.5-dev-1050-gb5ac4fbdf9[0m
[0;32mI (495) efuse_init: Min chip rev:     v0.0[0m
[0;32mI (499) efuse_init: Max chip rev:     v3.99 [0m
[0;32mI (502) efuse_init: Chip rev:         v3.1[0m
[0;32mI (507) heap_init: Initializing. RAM available for dynamic allocation:[0m
[0;32mI (513) heap_init: At 3FFAE6E0 len 00001920 (6 KiB): DRAM[0m
[0;32mI (518) heap_init: At 3FFB9780 len 00026880 (154 KiB): DRAM[0m
[0;32mI (523) heap_init: At 3FFE0440 len 00003AE0 (14 KiB): D/IRAM[0m
[0;32mI (528) heap_init: At 3FFE4350 len 0001BCB0 (111 KiB): D/IRAM[0m
[0;32mI (534) heap_init: At 40097AA0 len 00008560 (33 KiB): IRAM[0m
[0;32mI (541) spi_flash: detected chip: generic[0m
[0;32mI (543) spi_flash: flash io: dio[0m
[0;33mW (546) spi_flash: Detected size(4096k) larger than the size in the binary image header(2048k). Using the size in the binary image header.[0m
[0;32mI (559) main_task: Started on CPU0[0m
[0;32mI (569) main_task: Calling app_main()[0m
[0;33mW (609) ESP32_SSL: No WiFi credentials found, starting webserver for setup.[0m

assert failed: tcpip_send_msg_wait_sem /IDF/components/lwip/lwip/src/api/tcpip.c:454 (Invalid mbox)


Backtrace: 0x40081b2d:0x3ffbb5c0 0x400897e1:0x3ffbb5e0 0x400916d1:0x3ffbb600 0x400e02f3:0x3ffbb720 0x400f4906:0x3ffbb750 0x400f4999:0x3ffbb770 0x400f3f35:0x3ffbb7c0 0x400fbc91:0x3ffbb7e0 0x400fc370:0x3ffbb840 0x400d9e13:0x3ffbb870 0x400d9ebb:0x3ffbb910 0x400d9f39:0x3ffbba50 0x4017691f:0x3ffbba80 0x4008a285:0x3ffbbab0




ELF file SHA256: 17b4530cc

Rebooting...
ets Jul 29 2019 12:21:46

rst:0xc (SW_CPU_RESET),boot:0x13 (SPI_FAST_FLASH_BOOT)
configsip: 0, SPIWP:0xee
clk_drv:0x00,q_drv:0x00,d_drv:0x00,cs0_drv:0x00,hd_drv:0x00,wp_drv:0x00
mode:DIO, clock div:2
load:0x3fff0030,len:6328
load:0x40078000,len:15828
load:0x40080400,len:3860
entry 0x40080638
[0;32mI (27) boot: ESP-IDF v5.5-dev-1050-gb5ac4fbdf9 2nd stage bootloader[0m
[0;32mI (27) boot: compile time Apr  1 2025 16:03:06[0m
[0;32mI (27) boot: Multicore bootloader[0m
[0;32mI (30) boot: chip revision: v3.1[0m
[0;32mI (33) boot.esp32: SPI Speed      : 40MHz[0m
[0;32mI (37) boot.esp32: SPI Mode       : DIO[0m
[0;32mI (40) boot.esp32: SPI Flash Size : 2MB[0m
[0;32mI (44) boot: Enabling RNG early entropy source...[0m
[0;32mI (48) boot: Partition Table:[0m
[0;32mI (51) boot: ## Label            Usage          Type ST Offset   Length[0m
[0;32mI (57) boot:  0 nvs              WiFi data        01 02 00009000 00006000[0m
[0;32mI (64) boot:  1 phy_init         RF data          01 01 0000f000 00001000[0m
[0;32mI (70) boot:  2 factory          factory app      00 00 00010000 00100000[0m
[0;32mI (77) boot: End of partition table[0m
[0;32mI (80) esp_image: segment 0: paddr=00010020 vaddr=3f400020 size=31060h (200800) map[0m
[0;32mI (156) esp_image: segment 1: paddr=00041088 vaddr=3ff80000 size=0001ch (    28) load[0m
[0;32mI (157) esp_image: segment 2: paddr=000410ac vaddr=3ffb0000 size=03fd8h ( 16344) load[0m
[0;32mI (166) esp_image: segment 3: paddr=0004508c vaddr=40080000 size=0af8ch ( 44940) load[0m
[0;32mI (185) esp_image: segment 4: paddr=00050020 vaddr=400d0020 size=a880ch (690188) map[0m
[0;32mI (421) esp_image: segment 5: paddr=000f8834 vaddr=4008af8c size=0cb14h ( 51988) load[0m
[0;32mI (453) boot: Loaded app from partition at offset 0x10000[0m
[0;32mI (453) boot: Disabling RNG early entropy source...[0m
[0;32mI (464) cpu_start: Multicore app[0m
[0;32mI (472) cpu_start: Pro cpu start user code[0m
[0;32mI (472) cpu_start: cpu freq: 160000000 Hz[0m
[0;32mI (472) app_init: Application information:[0m
[0;32mI (472) app_init: Project name:     wifiRelay[0m
[0;32mI (476) app_init: App version:      1[0m
[0;32mI (480) app_init: Compile time:     Apr  1 2025 16:05:30[0m
[0;32mI (485) app_init: ELF file SHA256:  17b4530cc...[0m
[0;32mI (489) app_init: ESP-IDF:          v5.5-dev-1050-gb5ac4fbdf9[0m
[0;32mI (495) efuse_init: Min chip rev:     v0.0[0m
[0;32mI (499) efuse_init: Max chip rev:     v3.99 [0m
[0;32mI (503) efuse_init: Chip rev:         v3.1[0m
[0;32mI (507) heap_init: Initializing. RAM available for dynamic allocation:[0m
[0;32mI (513) heap_init: At 3FFAE6E0 len 00001920 (6 KiB): DRAM[0m
[0;32mI (518) heap_init: At 3FFB9780 len 00026880 (154 KiB): DRAM[0m
[0;32mI (523) heap_init: At 3FFE0440 len 00003AE0 (14 KiB): D/IRAM[0m
[0;32mI (528) heap_init: At 3FFE4350 len 0001BCB0 (111 KiB): D/IRAM[0m
[0;32mI (534) heap_init: At 40097AA0 len 00008560 (33 KiB): IRAM[0m
[0;32mI (541) spi_flash: detected chip: generic[0m
[0;32mI (543) spi_flash: flash io: dio[0m
[0;33mW (546) spi_flash: Detected size(4096k) larger than the size in the binary image header(2048k). Using the size in the binary image header.[0m
[0;32mI (559) main_task: Started on CPU0[0m
[0;32mI (569) main_task: Calling app_main()[0m
[0;33mW (609) ESP32_SSL: No WiFi credentials found, starting webserver for setup.[0m

assert failed: tcpip_send_msg_wait_sem /IDF/components/lwip/lwip/src/api/tcpip.c:454 (Invalid mbox)


Backtrace: 0x40081b2d:0x3ffbb5c0 0x400897e1:0x3ffbb5e0 0x400916d1:0x3ffbb600 0x400e02f3:0x3ffbb720 0x400f4906:0x3ffbb750 0x400f4999:0x3ffbb770 0x400f3f35:0x3ffbb7c0 0x400fbc91:0x3ffbb7e0 0x400fc370:0x3ffbb840 0x400d9e13:0x3ffbb870 0x400d9ebb:0x3ffbb910 0x400d9f39:0x3ffbba50 0x4017691f:0x3ffbba80 0x4008a285:0x3ffbbab0




ELF file SHA256: 17b4530cc

Rebooting...
ets Jul 29 2019 12:21:46

rst:0xc (SW_CPU_RESET),boot:0x13 (SPI_FAST_FLASH_BOOT)
configsip: 0, SPIWP:0xee
clk_drv:0x00,q_drv:0x00,d_drv:0x00,cs0_drv:0x00,hd_drv:0x00,wp_drv:0x00
mode:DIO, clock div:2
load:0x3fff0030,len:6328
load:0x40078000,len:15828
load:0x40080400,len:3860
entry 0x40080638
[0;32mI (27) boot: ESP-IDF v5.5-dev-1050-gb5ac4fbdf9 2nd stage bootloader[0m
[0;32mI (27) boot: compile time Apr  1 2025 16:03:06[0m
[0;32mI (27) boot: Multicore bootloader[0m
[0;32mI (30) boot: chip revision: v3.1[0m
[0;32mI (33) boot.esp32: SPI Speed      : 40MHz[0m
[0;32mI (37) boot.esp32: SPI Mode       : DIO[0m
[0;32mI (40) boot.esp32: SPI Flash Size : 2MB[0m
[0;32mI (44) boot: Enabling RNG early entropy source...[0m
[0;32mI (48) boot: Partition Table:[0m
[0;32mI (51) boot: ## Label            Usage          Type ST Offset   Length[0m
[0;32mI (57) boot:  0 nvs              WiFi data        01 02 00009000 00006000[0m
[0;32mI (64) boot:  1 phy_init         RF data          01 01 0000f000 00001000[0m
[0;32mI (70) boot:  2 factory          factory app      00 00 00010000 00100000[0m
[0;32mI (77) boot: End of partition table[0m
[0;32mI (80) esp_image: segment 0: paddr=00010020 vaddr=3f400020 size=31060h (200800) map[0m
[0;32mI (156) esp_image: segment 1: paddr=00041088 vaddr=3ff80000 size=0001ch (    28) load[0m
[0;32mI (157) esp_image: segment 2: paddr=000410ac vaddr=3ffb0000 size=03fd8h ( 16344) load[0m
[0;32mI (166) esp_image: segment 3: paddr=0004508c vaddr=40080000 size=0af8ch ( 44940) load[0m
[0;32mI (185) esp_image: segment 4: paddr=00050020 vaddr=400d0020 size=a880ch (690188) map[0m
[0;32mI (421) esp_image: segment 5: paddr=000f8834 vaddr=4008af8c size=0cb14h ( 51988) load[0m
[0;32mI (453) boot: Loaded app from partition at offset 0x10000[0m
[0;32mI (453) boot: Disabling RNG early entropy source...[0m
[0;32mI (464) cpu_start: Multicore app[0m
[0;32mI (472) cpu_start: Pro cpu start user code[0m
[0;32mI (472) cpu_start: cpu freq: 160000000 Hz[0m
[0;32mI (472) app_init: Application information:[0m
[0;32mI (472) app_init: Project name:     wifiRelay[0m
[0;32mI (476) app_init: App version:      1[0m
[0;32mI (480) app_init: Compile time:     Apr  1 2025 16:05:30[0m
[0;32mI (485) app_init: ELF file SHA256:  17b4530cc...[0m
[0;32mI (489) app_init: ESP-IDF:          v5.5-dev-1050-gb5ac4fbdf9[0m
[0;32mI (495) efuse_init: Min chip rev:     v0.0[0m
[0;32mI (499) efuse_init: Max chip rev:     v3.99 [0m
[0;32mI (502) efuse_init: Chip rev:         v3.1[0m
[0;32mI (507) heap_init: Initializing. RAM available for dynamic allocation:[0m
[0;32mI (513) heap_init: At 3FFAE6E0 len 00001920 (6 KiB): DRAM[0m
[0;32mI (518) heap_init: At 3FFB9780 len 00026880 (154 KiB): DRAM[0m
[0;32mI (523) heap_init: At 3FFE0440 len 00003AE0 (14 KiB): D/IRAM[0m
[0;32mI (528) heap_init: At 3FFE4350 len 0001BCB0 (111 KiB): D/IRAM[0m
[0;32mI (534) heap_init: At 40097AA0 len 00008560 (33 KiB): IRAM[0m
[0;32mI (541) spi_flash: detected chip: generic[0m
[0;32mI (543) spi_flash: flash io: dio[0m
[0;33mW (546) spi_flash: Detected size(4096k) larger than the size in the binary image header(2048k). Using the size in the binary image header.[0m
[0;32mI (559) main_task: Started on CPU0[0m
[0;32mI (569) main_task: Calling app_main()[0m
[0;33mW (609) ESP32_SSL: No WiFi credentials found, starting webserver for setup.[0m

assert failed: tcpip_send_msg_wait_sem /IDF/components/lwip/lwip/src/api/tcpip.c:454 (Invalid mbox)


Backtrace: 0x40081b2d:0x3ffbb5c0 0x400897e1:0x3ffbb5e0 0x400916d1:0x3ffbb600 0x400e02f3:0x3ffbb720 0x400f4906:0x3ffbb750 0x400f4999:0x3ffbb770 0x400f3f35:0x3ffbb7c0 0x400fbc91:0x3ffbb7e0 0x400fc370:0x3ffbb840 0x400d9e13:0x3ffbb870 0x400d9ebb:0x3ffbb910 0x400d9f39:0x3ffbba50 0x4017691f:0x3ffbba80 0x4008a285:0x3ffbbab0




ELF file SHA256: 17b4530cc

Rebooting...
ets Jul 29 2019 12:21:46

rst:0xc (SW_CPU_RESET),boot:0x13 (SPI_FAST_FLASH_BOOT)
configsip: 0, SPIWP:0xee
clk_drv:0x00,q_drv:0x00,d_drv:0x00,cs0_drv:0x00,hd_drv:0x00,wp_drv:0x00
mode:DIO, clock div:2
load:0x3fff0030,len:6328
load:0x40078000,len:15828
load:0x40080400,len:3860
entry 0x40080638
[0;32mI (27) boot: ESP-IDF v5.5-dev-1050-gb5ac4fbdf9 2nd stage bootloader[0m
[0;32mI (27) boot: compile time Apr  1 2025 16:03:06[0m
[0;32mI (27) boot: Multicore bootloader[0m
[0;32mI (30) boot: chip revision: v3.1[0m
[0;32mI (33) boot.esp32: SPI Speed      : 40MHz[0m
[0;32mI (37) boot.esp32: SPI Mode       : DIO[0m
[0;32mI (40) boot.esp32: SPI Flash Size : 2MB[0m
[0;32mI (44) boot: Enabling RNG early entropy source...[0m
[0;32mI (48) boot: Partition Table:[0m
[0;32mI (51) boot: ## Label            Usage          Type ST Offset   Length[0m
[0;32mI (57) boot:  0 nvs              WiFi data        01 02 00009000 00006000[0m
[0;32mI (64) boot:  1 phy_init         RF data          01 01 0000f000 00001000[0m
[0;32mI (70) boot:  2 factory          factory app      00 00 00010000 00100000[0m
[0;32mI (77) boot: End of partition table[0m
[0;32mI (80) esp_image: segment 0: paddr=00010020 vaddr=3f400020 size=31060h (200800) map[0m
[0;32mI (156) esp_image: segment 1: paddr=00041088 vaddr=3ff80000 size=0001ch (    28) load[0m
[0;32mI (157) esp_image: segment 2: paddr=000410ac vaddr=3ffb0000 size=03fd8h ( 16344) load[0m
[0;32mI (166) esp_image: segment 3: paddr=0004508c vaddr=40080000 size=0af8ch ( 44940) load[0m
[0;32mI (185) esp_image: segment 4: paddr=00050020 vaddr=400d0020 size=a880ch (690188) map[0m
[0;32mI (421) esp_image: segment 5: paddr=000f8834 vaddr=4008af8c size=0cb14h ( 51988) load[0m
[0;32mI (453) boot: Loaded app from partition at offset 0x10000[0m
[0;32mI (453) boot: Disabling RNG early entropy source...[0m
[0;32mI (464) cpu_start: Multicore app[0m
[0;32mI (472) cpu_start: Pro cpu start user code[0m
[0;32mI (472) cpu_start: cpu freq: 160000000 Hz[0m
[0;32mI (472) app_init: Application information:[0m
[0;32mI (472) app_init: Project name:     wifiRelay[0m
[0;32mI (476) app_init: App version:      1[0m
[0;32mI (480) app_init: Compile time:     Apr  1 2025 16:05:30[0m
[0;32mI (485) app_init: ELF file SHA256:  17b4530cc...[0m
[0;32mI (489) app_init: ESP-IDF:          v5.5-dev-1050-gb5ac4fbdf9[0m
[0;32mI (495) efuse_init: Min chip rev:     v0.0[0m
[0;32mI (499) efuse_init: Max chip rev:     v3.99 [0m
[0;32mI (503) efuse_init: Chip rev:         v3.1[0m
[0;32mI (507) heap_init: Initializing. RAM available for dynamic allocation:[0m
[0;32mI (513) heap_init: At 3FFAE6E0 len 00001920 (6 KiB): DRAM[0m
[0;32mI (518) heap_init: At 3FFB9780 len 00026880 (154 KiB): DRAM[0m
[0;32mI (523) heap_init: At 3FFE0440 len 00003AE0 (14 KiB): D/IRAM[0m
[0;32mI (528) heap_init: At 3FFE4350 len 0001BCB0 (111 KiB): D/IRAM[0m
[0;32mI (534) heap_init: At 40097AA0 len 00008560 (33 KiB): IRAM[0m
[0;32mI (541) spi_flash: detected chip: generic[0m
[0;32mI (543) spi_flash: flash io: dio[0m
[0;33mW (546) spi_flash: Detected size(4096k) larger than the size in the binary image header(2048k). Using the size in the binary image header.[0m
[0;32mI (559) main_task: Started on CPU0[0m
[0;32mI (569) main_task: Calling app_main()[0m
[0;33mW (609) ESP32_SSL: No WiFi credentials found, starting webserver for setup.[0m

assert failed: tcpip_send_msg_wait_sem /IDF/components/lwip/lwip/src/api/tcpip.c:454 (Invalid mbox)


Backtrace: 0x40081b2d:0x3ffbb5c0 0x400897e1:0x3ffbb5e0 0x400916d1:0x3ffbb600 0x400e02f3:0x3ffbb720 0x400f4906:0x3ffbb750 0x400f4999:0x3ffbb770 0x400f3f35:0x3ffbb7c0 0x400fbc91:0x3ffbb7e0 0x400fc370:0x3ffbb840 0x400d9e13:0x3ffbb870 0x400d9ebb:0x3ffbb910 0x400d9f39:0x3ffbba50 0x4017691f:0x3ffbba80 0x4008a285:0x3ffbbab0




ELF file SHA256: 17b4530cc

Rebooting...
ets Jul 29 2019 12:21:46

rst:0xc (SW_CPU_RESET),boot:0x13 (SPI_FAST_FLASH_BOOT)
configsip: 0, SPIWP:0xee
clk_drv:0x00,q_drv:0x00,d_drv:0x00,cs0_drv:0x00,hd_drv:0x00,wp_drv:0x00
mode:DIO, clock div:2
load:0x3fff0030,len:6328
load:0x40078000,len:15828
load:0x40080400,len:3860
entry 0x40080638
[0;32mI (27) boot: ESP-IDF v5.5-dev-1050-gb5ac4fbdf9 2nd stage bootloader[0m
[0;32mI (27) boot: compile time Apr  1 2025 16:03:06[0m
[0;32mI (27) boot: Multicore bootloader[0m
[0;32mI (30) boot: chip revision: v3.1[0m
[0;32mI (33) boot.esp32: SPI Speed      : 40MHz[0m
[0;32mI (37) boot.esp32: SPI Mode       : DIO[0m
[0;32mI (40) boot.esp32: SPI Flash Size : 2MB[0m
[0;32mI (44) boot: Enabling RNG early entropy source...[0m
[0;32mI (48) boot: Partition Table:[0m
[0;32mI (51) boot: ## Label            Usage          Type ST Offset   Length[0m
[0;32mI (57) boot:  0 nvs              WiFi data        01 02 00009000 00006000[0m
[0;32mI (64) boot:  1 phy_init         RF data          01 01 0000f000 00001000[0m
[0;32mI (70) boot:  2 factory          factory app      00 00 00010000 00100000[0m
[0;32mI (77) boot: End of partition table[0m
[0;32mI (80) esp_image: segment 0: paddr=00010020 vaddr=3f400020 size=31060h (200800) map[0m
[0;32mI (156) esp_image: segment 1: paddr=00041088 vaddr=3ff80000 size=0001ch (    28) load[0m
[0;32mI (157) esp_image: segment 2: paddr=000410ac vaddr=3ffb0000 size=03fd8h ( 16344) load[0m
[0;32mI (166) esp_image: segment 3: paddr=0004508c vaddr=40080000 size=0af8ch ( 44940) load[0m
[0;32mI (185) esp_image: segment 4: paddr=00050020 vaddr=400d0020 size=a880ch (690188) map[0m
[0;32mI (421) esp_image: segment 5: paddr=000f8834 vaddr=4008af8c size=0cb14h ( 51988) load[0m
[0;32mI (453) boot: Loaded app from partition at offset 0x10000[0m
[0;32mI (453) boot: Disabling RNG early entropy source...[0m
[0;32mI (464) cpu_start: Multicore app[0m
[0;32mI (472) cpu_start: Pro cpu start user code[0m
[0;32mI (472) cpu_start: cpu freq: 160000000 Hz[0m
[0;32mI (472) app_init: Application information:[0m
[0;32mI (472) app_init: Project name:     wifiRelay[0m
[0;32mI (476) app_init: App version:      1[0m
[0;32mI (480) app_init: Compile time:     Apr  1 2025 16:05:30[0m
[0;32mI (485) app_init: ELF file SHA256:  17b4530cc...[0m
[0;32mI (489) app_init: ESP-IDF:          v5.5-dev-1050-gb5ac4fbdf9[0m
[0;32mI (495) efuse_init: Min chip rev:     v0.0[0m
[0;32mI (499) efuse_init: Max chip rev:     v3.99 [0m
[0;32mI (502) efuse_init: Chip rev:         v3.1[0m
[0;32mI (507) heap_init: Initializing. RAM available for dynamic allocation:[0m
[0;32mI (513) heap_init: At 3FFAE6E0 len 00001920 (6 KiB): DRAM[0m
[0;32mI (518) heap_init: At 3FFB9780 len 00026880 (154 KiB): DRAM[0m
[0;32mI (523) heap_init: At 3FFE0440 len 00003AE0 (14 KiB): D/IRAM[0m
[0;32mI (528) heap_init: At 3FFE4350 len 0001BCB0 (111 KiB): D/IRAM[0m
[0;32mI (534) heap_init: At 40097AA0 len 00008560 (33 KiB): IRAM[0m
[0;32mI (541) spi_flash: detected chip: generic[0m
[0;32mI (543) spi_flash: flash io: dio[0m
[0;33mW (546) spi_flash: Detected size(4096k) larger than the size in the binary image header(2048k). Using the size in the binary image header.[0m
[0;32mI (559) main_task: Started on CPU0[0m
[0;32mI (569) main_task: Calling app_main()[0m
[0;33mW (609) ESP32_SSL: No WiFi credentials found, starting webserver for setup.[0m

assert failed: tcpip_send_msg_wait_sem /IDF/components/lwip/lwip/src/api/tcpip.c:454 (Invalid mbox)


Backtrace: 0x40081b2d:0x3ffbb5c0 0x400897e1:0x3ffbb5e0 0x400916d1:0x3ffbb600 0x400e02f3:0x3ffbb720 0x400f4906:0x3ffbb750 0x400f4999:0x3ffbb770 0x400f3f35:0x3ffbb7c0 0x400fbc91:0x3ffbb7e0 0x400fc370:0x3ffbb840 0x400d9e13:0x3ffbb870 0x400d9ebb:0x3ffbb910 0x400d9f39:0x3ffbba50 0x4017691f:0x3ffbba80 0x4008a285:0x3ffbbab0




ELF file SHA256: 17b4530cc

Rebooting...
ets Jul 29 2019 12:21:46

rst:0xc (SW_CPU_RESET),boot:0x13 (SPI_FAST_FLASH_BOOT)
configsip: 0, SPIWP:0xee
clk_drv:0x00,q_drv:0x00,d_drv:0x00,cs0_drv:0x00,hd_drv:0x00,wp_drv:0x00
mode:DIO, clock div:2
load:0x3fff0030,len:6328
load:0x40078000,len:15828
load:0x40080400,len:3860
entry 0x40080638
[0;32mI (27) boot: ESP-IDF v5.5-dev-1050-gb5ac4fbdf9 2nd stage bootloader[0m
[0;32mI (27) boot: compile time Apr  1 2025 16:03:06[0m
[0;32mI (27) boot: Multicore bootloader[0m
[0;32mI (30) boot: chip revision: v3.1[0m
[0;32mI (33) boot.esp32: SPI Speed      : 40MHz[0m
[0;32mI (37) boot.esp32: SPI Mode       : DIO[0m
[0;32mI (40) boot.esp32: SPI Flash Size : 2MB[0m
[0;32mI (44) boot: Enabling RNG early entropy source...[0m
[0;32mI (48) boot: Partition Table:[0m
[0;32mI (51) boot: ## Label            Usage          Type ST Offset   Length[0m
[0;32mI (57) boot:  0 nvs              WiFi data        01 02 00009000 00006000[0m
[0;32mI (64) boot:  1 phy_init         RF data          01 01 0000f000 00001000[0m
[0;32mI (70) boot:  2 factory          factory app      00 00 00010000 00100000[0m
[0;32mI (77) boot: End of partition table[0m
[0;32mI (80) esp_image: segment 0: paddr=00010020 vaddr=3f400020 size=31060h (200800) map[0m
[0;32mI (156) esp_image: segment 1: paddr=00041088 vaddr=3ff80000 size=0001ch (    28) load[0m
[0;32mI (157) esp_image: segment 2: paddr=000410ac vaddr=3ffb0000 size=03fd8h ( 16344) load[0m
[0;32mI (166) esp_image: segment 3: paddr=0004508c vaddr=40080000 size=0af8ch ( 44940) load[0m
[0;32mI (185) esp_image: segment 4: paddr=00050020 vaddr=400d0020 size=a880ch (690188) map[0m
[0;32mI (421) esp_image: segment 5: paddr=000f8834 vaddr=4008af8c size=0cb14h ( 51988) load[0m
[0;32mI (453) boot: Loaded app from partition at offset 0x10000[0m
[0;32mI (453) boot: Disabling RNG early entropy source...[0m
[0;32mI (464) cpu_start: Multicore app[0m
[0;32mI (472) cpu_start: Pro cpu start user code[0m
[0;32mI (472) cpu_start: cpu freq: 160000000 Hz[0m
[0;32mI (472) app_init: Application information:[0m
[0;32mI (472) app_init: Project name:     wifiRelay[0m
[0;32mI (476) app_init: App version:      1[0m
[0;32mI (480) app_init: Compile time:     Apr  1 2025 16:05:30[0m
[0;32mI (485) app_init: ELF file SHA256:  17b4530cc...[0m
[0;32mI (489) app_init: ESP-IDF:          v5.5-dev-1050-gb5ac4fbdf9[0m
[0;32mI (495) efuse_init: Min chip rev:     v0.0[0m
[0;32mI (499) efuse_init: Max chip rev:     v3.99 [0m
[0;32mI (502) efuse_init: Chip rev:         v3.1[0m
[0;32mI (507) heap_init: Initializing. RAM available for dynamic allocation:[0m
[0;32mI (513) heap_init: At 3FFAE6E0 len 00001920 (6 KiB): DRAM[0m
[0;32mI (518) heap_init: At 3FFB9780 len 00026880 (154 KiB): DRAM[0m
[0;32mI (523) heap_init: At 3FFE0440 len 00003AE0 (14 KiB): D/IRAM[0m
[0;32mI (528) heap_init: At 3FFE4350 len 0001BCB0 (111 KiB): D/IRAM[0m
[0;32mI (534) heap_init: At 40097AA0 len 00008560 (33 KiB): IRAM[0m
[0;32mI (541) spi_flash: detected chip: generic[0m
[0;32mI (543) spi_flash: flash io: dio[0m
[0;33mW (546) spi_flash: Detected size(4096k) larger than the size in the binary image header(2048k). Using the size in the binary image header.[0m
[0;32mI (559) main_task: Started on CPU0[0m
[0;32mI (569) main_task: Calling app_main()[0m
[0;33mW (609) ESP32_SSL: No WiFi credentials found, starting webserver for setup.[0m

assert failed: tcpip_send_msg_wait_sem /IDF/components/lwip/lwip/src/api/tcpip.c:454 (Invalid mbox)


Backtrace: 0x40081b2d:0x3ffbb5c0 0x400897e1:0x3ffbb5e0 0x400916d1:0x3ffbb600 0x400e02f3:0x3ffbb720 0x400f4906:0x3ffbb750 0x400f4999:0x3ffbb770 0x400f3f35:0x3ffbb7c0 0x400fbc91:0x3ffbb7e0 0x400fc370:0x3ffbb840 0x400d9e13:0x3ffbb870 0x400d9ebb:0x3ffbb910 0x400d9f39:0x3ffbba50 0x4017691f:0x3ffbba80 0x4008a285:0x3ffbbab0




ELF file SHA256: 17b4530cc

Rebooting...
ets Jul 29 2019 12:21:46

rst:0xc (SW_CPU_RESET),boot:0x13 (SPI_FAST_FLASH_BOOT)
configsip: 0, SPIWP:0xee
clk_drv:0x00,q_drv:0x00,d_drv:0x00,cs0_drv:0x00,hd_drv:0x00,wp_drv:0x00
mode:DIO, clock div:2
load:0x3fff0030,len:6328
load:0x40078000,len:15828
load:0x40080400,len:3860
entry 0x40080638
[0;32mI (27) boot: ESP-IDF v5.5-dev-1050-gb5ac4fbdf9 2nd stage bootloader[0m
[0;32mI (27) boot: compile time Apr  1 2025 16:03:06[0m
[0;32mI (27) boot: Multicore bootloader[0m
[0;32mI (30) boot: chip revision: v3.1[0m
[0;32mI (33) boot.esp32: SPI Speed      : 40MHz[0m
[0;32mI (37) boot.esp32: SPI Mode       : DIO[0m
[0;32mI (40) boot.esp32: SPI Flash Size : 2MB[0m
[0;32mI (44) boot: Enabling RNG early entropy source...[0m
[0;32mI (48) boot: Partition Table:[0m
[0;32mI (51) boot: ## Label            Usage          Type ST Offset   Length[0m
[0;32mI (57) boot:  0 nvs              WiFi data        01 02 00009000 00006000[0m
[0;32mI (64) boot:  1 phy_init         RF data          01 01 0000f000 00001000[0m
[0;32mI (70) boot:  2 factory          factory app      00 00 00010000 00100000[0m
[0;32mI (77) boot: End of partition table[0m
[0;32mI (80) esp_image: segment 0: paddr=00010020 vaddr=3f400020 size=31060h (200800) map[0m
[0;32mI (156) esp_image: segment 1: paddr=00041088 vaddr=3ff80000 size=0001ch (    28) load[0m
[0;32mI (157) esp_image: segment 2: paddr=000410ac vaddr=3ffb0000 size=03fd8h ( 16344) load[0m
[0;32mI (166) esp_image: segment 3: paddr=0004508c vaddr=40080000 size=0af8ch ( 44940) load[0m
[0;32mI (185) esp_image: segment 4: paddr=00050020 vaddr=400d0020 size=a880ch (690188) map[0m
[0;32mI (421) esp_image: segment 5: paddr=000f8834 vaddr=4008af8c size=0cb14h ( 51988) load[0m
[0;32mI (453) boot: Loaded app from partition at offset 0x10000[0m
[0;32mI (453) boot: Disabling RNG early entropy source...[0m
[0;32mI (464) cpu_start: Multicore app[0m
[0;32mI (472) cpu_start: Pro cpu start user code[0m
[0;32mI (472) cpu_start: cpu freq: 160000000 Hz[0m
[0;32mI (472) app_init: Application information:[0m
[0;32mI (472) app_init: Project name:     wifiRelay[0m
[0;32mI (476) app_init: App version:      1[0m
[0;32mI (480) app_init: Compile time:     Apr  1 2025 16:05:30[0m
[0;32mI (485) app_init: ELF file SHA256:  17b4530cc...[0m
[0;32mI (489) app_init: ESP-IDF:          v5.5-dev-1050-gb5ac4fbdf9[0m
[0;32mI (495) efuse_init: Min chip rev:     v0.0[0m
[0;32mI (499) efuse_init: Max chip rev:     v3.99 [0m
[0;32mI (503) efuse_init: Chip rev:         v3.1[0m
[0;32mI (507) heap_init: Initializing. RAM available for dynamic allocation:[0m
[0;32mI (513) heap_init: At 3FFAE6E0 len 00001920 (6 KiB): DRAM[0m
[0;32mI (518) heap_init: At 3FFB9780 len 00026880 (154 KiB): DRAM[0m
[0;32mI (523) heap_init: At 3FFE0440 len 00003AE0 (14 KiB): D/IRAM[0m
[0;32mI (528) heap_init: At 3FFE4350 len 0001BCB0 (111 KiB): D/IRAM[0m
[0;32mI (534) heap_init: At 40097AA0 len 00008560 (33 KiB): IRAM[0m
[0;32mI (541) spi_flash: detected chip: generic[0m
[0;32mI (543) spi_flash: flash io: dio[0m
[0;33mW (546) spi_flash: Detected size(4096k) larger than the size in the binary image header(2048k). Using the size in the binary image header.[0m
[0;32mI (559) main_task: Started on CPU0[0m
[0;32mI (569) main_task: Calling app_main()[0m
[0;33mW (609) ESP32_SSL: No WiFi credentials found, starting webserver for setup.[0m

assert failed: tcpip_send_msg_wait_sem /IDF/components/lwip/lwip/src/api/tcpip.c:454 (Invalid mbox)


Backtrace: 0x40081b2d:0x3ffbb5c0 0x400897e1:0x3ffbb5e0 0x400916d1:0x3ffbb600 0x400e02f3:0x3ffbb720 0x400f4906:0x3ffbb750 0x400f4999:0x3ffbb770 0x400f3f35:0x3ffbb7c0 0x400fbc91:0x3ffbb7e0 0x400fc370:0x3ffbb840 0x400d9e13:0x3ffbb870 0x400d9ebb:0x3ffbb910 0x400d9f39:0x3ffbba50 0x4017691f:0x3ffbba80 0x4008a285:0x3ffbbab0




ELF file SHA256: 17b4530cc

Rebooting...
ets Jul 29 2019 12:21:46

rst:0xc (SW_CPU_RESET),boot:0x13 (SPI_FAST_FLASH_BOOT)
configsip: 0, SPIWP:0xee
clk_drv:0x00,q_drv:0x00,d_drv:0x00,cs0_drv:0x00,hd_drv:0x00,wp_drv:0x00
mode:DIO, clock div:2
load:0x3fff0030,len:6328
load:0x40078000,len:15828
load:0x40080400,len:3860
entry 0x40080638
[0;32mI (27) boot: ESP-IDF v5.5-dev-1050-gb5ac4fbdf9 2nd stage bootloader[0m
[0;32mI (27) boot: compile time Apr  1 2025 16:03:06[0m
[0;32mI (27) boot: Multicore bootloader[0m
[0;32mI (30) boot: chip revision: v3.1[0m
[0;32mI (33) boot.esp32: SPI Speed      : 40MHz[0m
[0;32mI (37) boot.esp32: SPI Mode       : DIO[0m
[0;32mI (40) boot.esp32: SPI Flash Size : 2MB[0m
[0;32mI (44) boot: Enabling RNG early entropy source...[0m
[0;32mI (48) boot: Partition Table:[0m
[0;32mI (51) boot: ## Label            Usage          Type ST Offset   Length[0m
[0;32mI (57) boot:  0 nvs              WiFi data        01 02 00009000 00006000[0m
[0;32mI (64) boot:  1 phy_init         RF data          01 01 0000f000 00001000[0m
[0;32mI (70) boot:  2 factory          factory app      00 00 00010000 00100000[0m
[0;32mI (77) boot: End of partition table[0m
[0;32mI (80) esp_image: segment 0: paddr=00010020 vaddr=3f400020 size=31060h (200800) map[0m
[0;32mI (156) esp_image: segment 1: paddr=00041088 vaddr=3ff80000 size=0001ch (    28) load[0m
[0;32mI (157) esp_image: segment 2: paddr=000410ac vaddr=3ffb0000 size=03fd8h ( 16344) load[0m
[0;32mI (166) esp_image: segment 3: paddr=0004508c vaddr=40080000 size=0af8ch ( 44940) load[0m
[0;32mI (185) esp_image: segment 4: paddr=00050020 vaddr=400d0020 size=a880ch (690188) map[0m
[0;32mI (421) esp_image: segment 5: paddr=000f8834 vaddr=4008af8c size=0cb14h ( 51988) load[0m
[0;32mI (453) boot: Loaded app from partition at offset 0x10000[0m
[0;32mI (453) boot: Disabling RNG early entropy source...[0m
[0;32mI (464) cpu_start: Multicore app[0m
[0;32mI (472) cpu_start: Pro cpu start user code[0m
[0;32mI (472) cpu_start: cpu freq: 160000000 Hz[0m
[0;32mI (472) app_init: Application information:[0m
[0;32mI (472) app_init: Project name:     wifiRelay[0m
[0;32mI (476) app_init: App version:      1[0m
[0;32mI (480) app_init: Compile time:     Apr  1 2025 16:05:30[0m
[0;32mI (485) app_init: ELF file SHA256:  17b4530cc...[0m
[0;32mI (489) app_init: ESP-IDF:          v5.5-dev-1050-gb5ac4fbdf9[0m
[0;32mI (495) efuse_init: Min chip rev:     v0.0[0m
[0;32mI (499) efuse_init: Max chip rev:     v3.99 [0m
[0;32mI (503) efuse_init: Chip rev:         v3.1[0m
[0;32mI (507) heap_init: Initializing. RAM available for dynamic allocation:[0m
[0;32mI (513) heap_init: At 3FFAE6E0 len 00001920 (6 KiB): DRAM[0m
[0;32mI (518) heap_init: At 3FFB9780 len 00026880 (154 KiB): DRAM[0m
[0;32mI (523) heap_init: At 3FFE0440 len 00003AE0 (14 KiB): D/IRAM[0m
[0;32mI (528) heap_init: At 3FFE4350 len 0001BCB0 (111 KiB): D/IRAM[0m
[0;32mI (534) heap_init: At 40097AA0 len 00008560 (33 KiB): IRAM[0m
[0;32mI (541) spi_flash: detected chip: generic[0m
[0;32mI (543) spi_flash: flash io: dio[0m
[0;33mW (546) spi_flash: Detected size(4096k) larger than the size in the binary image header(2048k). Using the size in the binary image header.[0m
[0;32mI (559) main_task: Started on CPU0[0m
[0;32mI (569) main_task: Calling app_main()[0m
[0;33mW (609) ESP32_SSL: No WiFi credentials found, starting webserver for setup.[0m

assert failed: tcpip_send_msg_wait_sem /IDF/components/lwip/lwip/src/api/tcpip.c:454 (Invalid mbox)


Backtrace: 0x40081b2d:0x3ffbb5c0 0x400897e1:0x3ffbb5e0 0x400916d1:0x3ffbb600 0x400e02f3:0x3ffbb720 0x400f4906:0x3ffbb750 0x400f4999:0x3ffbb770 0x400f3f35:0x3ffbb7c0 0x400fbc91:0x3ffbb7e0 0x400fc370:0x3ffbb840 0x400d9e13:0x3ffbb870 0x400d9ebb:0x3ffbb910 0x400d9f39:0x3ffbba50 0x4017691f:0x3ffbba80 0x4008a285:0x3ffbbab0




ELF file SHA256: 17b4530cc

Rebooting...
ets Jul 29 2019 12:21:46

rst:0xc (SW_CPU_RESET),boot:0x13 (SPI_FAST_FLASH_BOOT)
configsip: 0, SPIWP:0xee
clk_drv:0x00,q_drv:0x00,d_drv:0x00,cs0_drv:0x00,hd_drv:0x00,wp_drv:0x00
mode:DIO, clock div:2
load:0x3fff0030,len:6328
load:0x40078000,len:15828
load:0x40080400,len:3860
entry 0x40080638
[0;32mI (27) boot: ESP-IDF v5.5-dev-1050-gb5ac4fbdf9 2nd stage bootloader[0m
[0;32mI (27) boot: compile time Apr  1 2025 16:03:06[0m
[0;32mI (27) boot: Multicore bootloader[0m
[0;32mI (30) boot: chip revision: v3.1[0m
[0;32mI (33) boot.esp32: SPI Speed      : 40MHz[0m
[0;32mI (37) boot.esp32: SPI Mode       : DIO[0m
[0;32mI (40) boot.esp32: SPI Flash Size : 2MB[0m
[0;32mI (44) boot: Enabling RNG early entropy source...[0m
[0;32mI (48) boot: Partition Table:[0m
[0;32mI (51) boot: ## Label            Usage          Type ST Offset   Length[0m
[0;32mI (57) boot:  0 nvs              WiFi data        01 02 00009000 00006000[0m
[0;32mI (64) boot:  1 phy_init         RF data          01 01 0000f000 00001000[0m
[0;32mI (70) boot:  2 factory          factory app      00 00 00010000 00100000[0m
[0;32mI (77) boot: End of partition table[0m
[0;32mI (80) esp_image: segment 0: paddr=00010020 vaddr=3f400020 size=31060h (200800) map[0m
[0;32mI (156) esp_image: segment 1: paddr=00041088 vaddr=3ff80000 size=0001ch (    28) load[0m
[0;32mI (157) esp_image: segment 2: paddr=000410ac vaddr=3ffb0000 size=03fd8h ( 16344) load[0m
[0;32mI (166) esp_image: segment 3: paddr=0004508c vaddr=40080000 size=0af8ch ( 44940) load[0m
[0;32mI (185) esp_image: segment 4: paddr=00050020 vaddr=400d0020 size=a880ch (690188) map[0m
[0;32mI (421) esp_image: segment 5: paddr=000f8834 vaddr=4008af8c size=0cb14h ( 51988) load[0m
[0;32mI (453) boot: Loaded app from partition at offset 0x10000[0m
[0;32mI (453) boot: Disabling RNG early entropy source...[0m
[0;32mI (464) cpu_start: Multicore app[0m
[0;32mI (472) cpu_start: Pro cpu start user code[0m
[0;32mI (472) cpu_start: cpu freq: 160000000 Hz[0m
[0;32mI (472) app_init: Application information:[0m
[0;32mI (472) app_init: Project name:     wifiRelay[0m
[0;32mI (476) app_init: App version:      1[0m
[0;32mI (480) app_init: Compile time:     Apr  1 2025 16:05:30[0m
[0;32mI (485) app_init: ELF file SHA256:  17b4530cc...[0m
[0;32mI (489) app_init: ESP-IDF:          v5.5-dev-1050-gb5ac4fbdf9[0m
[0;32mI (495) efuse_init: Min chip rev:     v0.0[0m
[0;32mI (499) efuse_init: Max chip rev:     v3.99 [0m
[0;32mI (502) efuse_init: Chip rev:         v3.1[0m
[0;32mI (507) heap_init: Initializing. RAM available for dynamic allocation:[0m
[0;32mI (513) heap_init: At 3FFAE6E0 len 00001920 (6 KiB): DRAM[0m
[0;32mI (518) heap_init: At 3FFB9780 len 00026880 (154 KiB): DRAM[0m
[0;32mI (523) heap_init: At 3FFE0440 len 00003AE0 (14 KiB): D/IRAM[0m
[0;32mI (528) heap_init: At 3FFE4350 len 0001BCB0 (111 KiB): D/IRAM[0m
[0;32mI (534) heap_init: At 40097AA0 len 00008560 (33 KiB): IRAM[0m
[0;32mI (541) spi_flash: detected chip: generic[0m
[0;32mI (543) spi_flash: flash io: dio[0m
[0;33mW (546) spi_flash: Detected size(4096k) larger than the size in the binary image header(2048k). Using the size in the binary image header.[0m
[0;32mI (559) main_task: Started on CPU0[0m
[0;32mI (569) main_task: Calling app_main()[0m
[0;33mW (609) ESP32_SSL: No WiFi credentials found, starting webserver for setup.[0m

assert failed: tcpip_send_msg_wait_sem /IDF/components/lwip/lwip/src/api/tcpip.c:454 (Invalid mbox)


Backtrace: 0x40081b2d:0x3ffbb5c0 0x400897e1:0x3ffbb5e0 0x400916d1:0x3ffbb600 0x400e02f3:0x3ffbb720 0x400f4906:0x3ffbb750 0x400f4999:0x3ffbb770 0x400f3f35:0x3ffbb7c0 0x400fbc91:0x3ffbb7e0 0x400fc370:0x3ffbb840 0x400d9e13:0x3ffbb870 0x400d9ebb:0x3ffbb910 0x400d9f39:0x3ffbba50 0x4017691f:0x3ffbba80 0x4008a285:0x3ffbbab0




ELF file SHA256: 17b4530cc

Rebooting...
ets Jul 29 2019 12:21:46

rst:0xc (SW_CPU_RESET),boot:0x13 (SPI_FAST_FLASH_BOOT)
configsip: 0, SPIWP:0xee
clk_drv:0x00,q_drv:0x00,d_drv:0x00,cs0_drv:0x00,hd_drv:0x00,wp_drv:0x00
mode:DIO, clock div:2
load:0x3fff0030,len:6328
load:0x40078000,len:15828
load:0x40080400,len:3860
entry 0x40080638
[0;32mI (27) boot: ESP-IDF v5.5-dev-1050-gb5ac4fbdf9 2nd stage bootloader[0m
[0;32mI (27) boot: compile time Apr  1 2025 16:03:06[0m
[0;32mI (27) boot: Multicore bootloader[0m
[0;32mI (30) boot: chip revision: v3.1[0m
[0;32mI (33) boot.esp32: SPI Speed      : 40MHz[0m
[0;32mI (37) boot.esp32: SPI Mode       : DIO[0m
[0;32mI (40) boot.esp32: SPI Flash Size : 2MB[0m
[0;32mI (44) boot: Enabling RNG early entropy source...[0m
[0;32mI (48) boot: Partition Table:[0m
[0;32mI (51) boot: ## Label            Usage          Type ST Offset   Length[0m
[0;32mI (57) boot:  0 nvs              WiFi data        01 02 00009000 00006000[0m
[0;32mI (64) boot:  1 phy_init         RF data          01 01 0000f000 00001000[0m
[0;32mI (70) boot:  2 factory          factory app      00 00 00010000 00100000[0m
[0;32mI (77) boot: End of partition table[0m
[0;32mI (80) esp_image: segment 0: paddr=00010020 vaddr=3f400020 size=31060h (200800) map[0m
[0;32mI (156) esp_image: segment 1: paddr=00041088 vaddr=3ff80000 size=0001ch (    28) load[0m
[0;32mI (157) esp_image: segment 2: paddr=000410ac vaddr=3ffb0000 size=03fd8h ( 16344) load[0m
[0;32mI (166) esp_image: segment 3: paddr=0004508c vaddr=40080000 size=0af8ch ( 44940) load[0m
[0;32mI (185) esp_image: segment 4: paddr=00050020 vaddr=400d0020 size=a880ch (690188) map[0m
[0;32mI (421) esp_image: segment 5: paddr=000f8834 vaddr=4008af8c size=0cb14h ( 51988) load[0m
[0;32mI (453) boot: Loaded app from partition at offset 0x10000[0m
[0;32mI (453) boot: Disabling RNG early entropy source...[0m
[0;32mI (464) cpu_start: Multicore app[0m
[0;32mI (472) cpu_start: Pro cpu start user code[0m
[0;32mI (472) cpu_start: cpu freq: 160000000 Hz[0m
[0;32mI (472) app_init: Application information:[0m
[0;32mI (472) app_init: Project name:     wifiRelay[0m
[0;32mI (476) app_init: App version:      1[0m
[0;32mI (480) app_init: Compile time:     Apr  1 2025 16:05:30[0m
[0;32mI (485) app_init: ELF file SHA256:  17b4530cc...[0m
[0;32mI (489) app_init: ESP-IDF:          v5.5-dev-1050-gb5ac4fbdf9[0m
[0;32mI (495) efuse_init: Min chip rev:     v0.0[0m
[0;32mI (499) efuse_init: Max chip rev:     v3.99 [0m
[0;32mI (502) efuse_init: Chip rev:         v3.1[0m
[0;32mI (507) heap_init: Initializing. RAM available for dynamic allocation:[0m
[0;32mI (513) heap_init: At 3FFAE6E0 len 00001920 (6 KiB): DRAM[0m
[0;32mI (518) heap_init: At 3FFB9780 len 00026880 (154 KiB): DRAM[0m
[0;32mI (523) heap_init: At 3FFE0440 len 00003AE0 (14 KiB): D/IRAM[0m
[0;32mI (528) heap_init: At 3FFE4350 len 0001BCB0 (111 KiB): D/IRAM[0m
[0;32mI (534) heap_init: At 40097AA0 len 00008560 (33 KiB): IRAM[0m
[0;32mI (541) spi_flash: detected chip: generic[0m
[0;32mI (543) spi_flash: flash io: dio[0m
[0;33mW (546) spi_flash: Detected size(4096k) larger than the size in the binary image header(2048k). Using the size in the binary image header.[0m
[0;32mI (559) main_task: Started on CPU0[0m
[0;32mI (569) main_task: Calling app_main()[0m
[0;33mW (609) ESP32_SSL: No WiFi credentials found, starting webserver for setup.[0m

assert failed: tcpip_send_msg_wait_sem /IDF/components/lwip/lwip/src/api/tcpip.c:454 (Invalid mbox)


Backtrace: 0x40081b2d:0x3ffbb5c0 0x400897e1:0x3ffbb5e0 0x400916d1:0x3ffbb600 0x400e02f3:0x3ffbb720 0x400f4906:0x3ffbb750 0x400f4999:0x3ffbb770 0x400f3f35:0x3ffbb7c0 0x400fbc91:0x3ffbb7e0 0x400fc370:0x3ffbb840 0x400d9e13:0x3ffbb870 0x400d9ebb:0x3ffbb910 0x400d9f39:0x3ffbba50 0x4017691f:0x3ffbba80 0x4008a285:0x3ffbbab0




ELF file SHA256: 17b4530cc

Rebooting...
ets Jul 29 2019 12:21:46

rst:0xc (SW_CPU_RESET),boot:0x13 (SPI_FAST_FLASH_BOOT)
configsip: 0, SPIWP:0xee
clk_drv:0x00,q_drv:0x00,d_drv:0x00,cs0_drv:0x00,hd_drv:0x00,wp_drv:0x00
mode:DIO, clock div:2
load:0x3fff0030,len:6328
load:0x40078000,len:15828
load:0x40080400,len:3860
entry 0x40080638
[0;32mI (27) boot: ESP-IDF v5.5-dev-1050-gb5ac4fbdf9 2nd stage bootloader[0m
[0;32mI (27) boot: compile time Apr  1 2025 16:03:06[0m
[0;32mI (27) boot: Multicore bootloader[0m
[0;32mI (30) boot: chip revision: v3.1[0m
[0;32mI (33) boot.esp32: SPI Speed      : 40MHz[0m
[0;32mI (37) boot.esp32: SPI Mode       : DIO[0m
[0;32mI (40) boot.esp32: SPI Flash Size : 2MB[0m
[0;32mI (44) boot: Enabling RNG early entropy source...[0m
[0;32mI (48) boot: Partition Table:[0m
[0;32mI (51) boot: ## Label            Usage          Type ST Offset   Length[0m
[0;32mI (57) boot:  0 nvs              WiFi data        01 02 00009000 00006000[0m
[0;32mI (64) boot:  1 phy_init         RF data          01 01 0000f000 00001000[0m
[0;32mI (70) boot:  2 factory          factory app      00 00 00010000 00100000[0m
[0;32mI (77) boot: End of partition table[0m
[0;32mI (80) esp_image: segment 0: paddr=00010020 vaddr=3f400020 size=31060h (200800) map[0m
[0;32mI (156) esp_image: segment 1: paddr=00041088 vaddr=3ff80000 size=0001ch (    28) load[0m
[0;32mI (157) esp_image: segment 2: paddr=000410ac vaddr=3ffb0000 size=03fd8h ( 16344) load[0m
[0;32mI (166) esp_image: segment 3: paddr=0004508c vaddr=40080000 size=0af8ch ( 44940) load[0m
[0;32mI (185) esp_image: segment 4: paddr=00050020 vaddr=400d0020 size=a880ch (690188) map[0m
[0;32mI (421) esp_image: segment 5: paddr=000f8834 vaddr=4008af8c size=0cb14h ( 51988) load[0m
[0;32mI (453) boot: Loaded app from partition at offset 0x10000[0m
[0;32mI (453) boot: Disabling RNG early entropy source...[0m
[0;32mI (464) cpu_start: Multicore app[0m
[0;32mI (472) cpu_start: Pro cpu start user code[0m
[0;32mI (472) cpu_start: cpu freq: 160000000 Hz[0m
[0;32mI (472) app_init: Application information:[0m
[0;32mI (472) app_init: Project name:     wifiRelay[0m
[0;32mI (476) app_init: App version:      1[0m
[0;32mI (480) app_init: Compile time:     Apr  1 2025 16:05:30[0m
[0;32mI (485) app_init: ELF file SHA256:  17b4530cc...[0m
[0;32mI (489) app_init: ESP-IDF:          v5.5-dev-1050-gb5ac4fbdf9[0m
[0;32mI (495) efuse_init: Min chip rev:     v0.0[0m
[0;32mI (499) efuse_init: Max chip rev:     v3.99 [0m
[0;32mI (502) efuse_init: Chip rev:         v3.1[0m
[0;32mI (507) heap_init: Initializing. RAM available for dynamic allocation:[0m
[0;32mI (513) heap_init: At 3FFAE6E0 len 00001920 (6 KiB): DRAM[0m
[0;32mI (518) heap_init: At 3FFB9780 len 00026880 (154 KiB): DRAM[0m
[0;32mI (523) heap_init: At 3FFE0440 len 00003AE0 (14 KiB): D/IRAM[0m
[0;32mI (528) heap_init: At 3FFE4350 len 0001BCB0 (111 KiB): D/IRAM[0m
[0;32mI (534) heap_init: At 40097AA0 len 00008560 (33 KiB): IRAM[0m
[0;32mI (541) spi_flash: detected chip: generic[0m
[0;32mI (543) spi_flash: flash io: dio[0m
[0;33mW (546) spi_flash: Detected size(4096k) larger than the size in the binary image header(2048k). Using the size in the binary image header.[0m
[0;32mI (559) main_task: Started on CPU0[0m
[0;32mI (569) main_task: Calling app_main()[0m
[0;33mW (609) ESP32_SSL: No WiFi credentials found, starting webserver for setup.[0m

assert failed: tcpip_send_msg_wait_sem /IDF/components/lwip/lwip/src/api/tcpip.c:454 (Invalid mbox)


Backtrace: 0x40081b2d:0x3ffbb5c0 0x400897e1:0x3ffbb5e0 0x400916d1:0x3ffbb600 0x400e02f3:0x3ffbb720 0x400f4906:0x3ffbb750 0x400f4999:0x3ffbb770 0x400f3f35:0x3ffbb7c0 0x400fbc91:0x3ffbb7e0 0x400fc370:0x3ffbb840 0x400d9e13:0x3ffbb870 0x400d9ebb:0x3ffbb910 0x400d9f39:0x3ffbba50 0x4017691f:0x3ffbba80 0x4008a285:0x3ffbbab0




ELF file SHA256: 17b4530cc

Rebooting...
ets Jul 29 2019 12:21:46

rst:0xc (SW_CPU_RESET),boot:0x13 (SPI_FAST_FLASH_BOOT)
configsip: 0, SPIWP:0xee
clk_drv:0x00,q_drv:0x00,d_drv:0x00,cs0_drv:0x00,hd_drv:0x00,wp_drv:0x00
mode:DIO, clock div:2
load:0x3fff0030,len:6328
load:0x40078000,len:15828
load:0x40080400,len:3860
entry 0x40080638
[0;32mI (27) boot: ESP-IDF v5.5-dev-1050-gb5ac4fbdf9 2nd stage bootloader[0m
[0;32mI (27) boot: compile time Apr  1 2025 16:03:06[0m
[0;32mI (27) boot: Multicore bootloader[0m
[0;32mI (30) boot: chip revision: v3.1[0m
[0;32mI (33) boot.esp32: SPI Speed      : 40MHz[0m
[0;32mI (37) boot.esp32: SPI Mode       : DIO[0m
[0;32mI (40) boot.esp32: SPI Flash Size : 2MB[0m
[0;32mI (44) boot: Enabling RNG early entropy source...[0m
[0;32mI (48) boot: Partition Table:[0m
[0;32mI (51) boot: ## Label            Usage          Type ST Offset   Length[0m
[0;32mI (57) boot:  0 nvs              WiFi data        01 02 00009000 00006000[0m
[0;32mI (64) boot:  1 phy_init         RF data          01 01 0000f000 00001000[0m
[0;32mI (70) boot:  2 factory          factory app      00 00 00010000 00100000[0m
[0;32mI (77) boot: End of partition table[0m
[0;32mI (80) esp_image: segment 0: paddr=00010020 vaddr=3f400020 size=31060h (200800) map[0m
[0;32mI (156) esp_image: segment 1: paddr=00041088 vaddr=3ff80000 size=0001ch (    28) load[0m
[0;32mI (157) esp_image: segment 2: paddr=000410ac vaddr=3ffb0000 size=03fd8h ( 16344) load[0m
[0;32mI (166) esp_image: segment 3: paddr=0004508c vaddr=40080000 size=0af8ch ( 44940) load[0m
[0;32mI (185) esp_image: segment 4: paddr=00050020 vaddr=400d0020 size=a880ch (690188) map[0m
[0;32mI (421) esp_image: segment 5: paddr=000f8834 vaddr=4008af8c size=0cb14h ( 51988) load[0m
[0;32mI (453) boot: Loaded app from partition at offset 0x10000[0m
[0;32mI (453) boot: Disabling RNG early entropy source...[0m
[0;32mI (464) cpu_start: Multicore app[0m
[0;32mI (472) cpu_start: Pro cpu start user code[0m
[0;32mI (472) cpu_start: cpu freq: 160000000 Hz[0m
[0;32mI (472) app_init: Application information:[0m
[0;32mI (472) app_init: Project name:     wifiRelay[0m
[0;32mI (476) app_init: App version:      1[0m
[0;32mI (480) app_init: Compile time:     Apr  1 2025 16:05:30[0m
[0;32mI (485) app_init: ELF file SHA256:  17b4530cc...[0m
[0;32mI (489) app_init: ESP-IDF:          v5.5-dev-1050-gb5ac4fbdf9[0m
[0;32mI (495) efuse_init: Min chip rev:     v0.0[0m
[0;32mI (499) efuse_init: Max chip rev:     v3.99 [0m
[0;32mI (503) efuse_init: Chip rev:         v3.1[0m
[0;32mI (507) heap_init: Initializing. RAM available for dynamic allocation:[0m
[0;32mI (513) heap_init: At 3FFAE6E0 len 00001920 (6 KiB): DRAM[0m
[0;32mI (518) heap_init: At 3FFB9780 len 00026880 (154 KiB): DRAM[0m
[0;32mI (523) heap_init: At 3FFE0440 len 00003AE0 (14 KiB): D/IRAM[0m
[0;32mI (528) heap_init: At 3FFE4350 len 0001BCB0 (111 KiB): D/IRAM[0m
[0;32mI (534) heap_init: At 40097AA0 len 00008560 (33 KiB): IRAM[0m
[0;32mI (541) spi_flash: detected chip: generic[0m
[0;32mI (543) spi_flash: flash io: dio[0m
[0;33mW (546) spi_flash: Detected size(4096k) larger than the size in the binary image header(2048k). Using the size in the binary image header.[0m
[0;32mI (559) main_task: Started on CPU0[0m
[0;32mI (569) main_task: Calling app_main()[0m
[0;33mW (609) ESP32_SSL: No WiFi credentials found, starting webserver for setup.[0m

assert failed: tcpip_send_msg_wait_sem /IDF/components/lwip/lwip/src/api/tcpip.c:454 (Invalid mbox)


Backtrace: 0x40081b2d:0x3ffbb5c0 0x400897e1:0x3ffbb5e0 0x400916d1:0x3ffbb600 0x400e02f3:0x3ffbb720 0x400f4906:0x3ffbb750 0x400f4999:0x3ffbb770 0x400f3f35:0x3ffbb7c0 0x400fbc91:0x3ffbb7e0 0x400fc370:0x3ffbb840 0x400d9e13:0x3ffbb870 0x400d9ebb:0x3ffbb910 0x400d9f39:0x3ffbba50 0x4017691f:0x3ffbba80 0x4008a285:0x3ffbbab0




ELF file SHA256: 17b4530cc

Rebooting...
ets Jul 29 2019 12:21:46

rst:0xc (SW_CPU_RESET),boot:0x13 (SPI_FAST_FLASH_BOOT)
configsip: 0, SPIWP:0xee
clk_drv:0x00,q_drv:0x00,d_drv:0x00,cs0_drv:0x00,hd_drv:0x00,wp_drv:0x00
mode:DIO, clock div:2
load:0x3fff0030,len:6328
load:0x40078000,len:15828
load:0x40080400,len:3860
entry 0x40080638
[0;32mI (27) boot: ESP-IDF v5.5-dev-1050-gb5ac4fbdf9 2nd stage bootloader[0m
[0;32mI (27) boot: compile time Apr  1 2025 16:03:06[0m
[0;32mI (27) boot: Multicore bootloader[0m
[0;32mI (30) boot: chip revision: v3.1[0m
[0;32mI (33) boot.esp32: SPI Speed      : 40MHz[0m
[0;32mI (37) boot.esp32: SPI Mode       : DIO[0m
[0;32mI (40) boot.esp32: SPI Flash Size : 2MB[0m
[0;32mI (44) boot: Enabling RNG early entropy source...[0m
[0;32mI (48) boot: Partition Table:[0m
[0;32mI (51) boot: ## Label            Usage          Type ST Offset   Length[0m
[0;32mI (57) boot:  0 nvs              WiFi data        01 02 00009000 00006000[0m
[0;32mI (64) boot:  1 phy_init         RF data          01 01 0000f000 00001000[0m
[0;32mI (70) boot:  2 factory          factory app      00 00 00010000 00100000[0m
[0;32mI (77) boot: End of partition table[0m
[0;32mI (80) esp_image: segment 0: paddr=00010020 vaddr=3f400020 size=31060h (200800) map[0m
[0;32mI (156) esp_image: segment 1: paddr=00041088 vaddr=3ff80000 size=0001ch (    28) load[0m
[0;32mI (157) esp_image: segment 2: paddr=000410ac vaddr=3ffb0000 size=03fd8h ( 16344) load[0m
[0;32mI (166) esp_image: segment 3: paddr=0004508c vaddr=40080000 size=0af8ch ( 44940) load[0m
[0;32mI (185) esp_image: segment 4: paddr=00050020 vaddr=400d0020 size=a880ch (690188) map[0m
[0;32mI (421) esp_image: segment 5: paddr=000f8834 vaddr=4008af8c size=0cb14h ( 51988) load[0m
[0;32mI (453) boot: Loaded app from partition at offset 0x10000[0m
[0;32mI (453) boot: Disabling RNG early entropy source...[0m
[0;32mI (464) cpu_start: Multicore app[0m
[0;32mI (472) cpu_start: Pro cpu start user code[0m
[0;32mI (472) cpu_start: cpu freq: 160000000 Hz[0m
[0;32mI (472) app_init: Application information:[0m
[0;32mI (472) app_init: Project name:     wifiRelay[0m
[0;32mI (476) app_init: App version:      1[0m
[0;32mI (480) app_init: Compile time:     Apr  1 2025 16:05:30[0m
[0;32mI (485) app_init: ELF file SHA256:  17b4530cc...[0m
[0;32mI (489) app_init: ESP-IDF:          v5.5-dev-1050-gb5ac4fbdf9[0m
[0;32mI (495) efuse_init: Min chip rev:     v0.0[0m
[0;32mI (499) efuse_init: Max chip rev:     v3.99 [0m
[0;32mI (503) efuse_init: Chip rev:         v3.1[0m
[0;32mI (507) heap_init: Initializing. RAM available for dynamic allocation:[0m
[0;32mI (513) heap_init: At 3FFAE6E0 len 00001920 (6 KiB): DRAM[0m
[0;32mI (518) heap_init: At 3FFB9780 len 00026880 (154 KiB): DRAM[0m
[0;32mI (523) heap_init: At 3FFE0440 len 00003AE0 (14 KiB): D/IRAM[0m
[0;32mI (528) heap_init: At 3FFE4350 len 0001BCB0 (111 KiB): D/IRAM[0m
[0;32mI (534) heap_init: At 40097AA0 len 00008560 (33 KiB): IRAM[0m
[0;32mI (541) spi_flash: detected chip: generic[0m
[0;32mI (543) spi_flash: flash io: dio[0m
[0;33mW (546) spi_flash: Detected size(4096k) larger than the size in the binary image header(2048k). Using the size in the binary image header.[0m
[0;32mI (559) main_task: Started on CPU0[0m
[0;32mI (569) main_task: Calling app_main()[0m
[0;33mW (609) ESP32_SSL: No WiFi credentials found, starting webserver for setup.[0m

assert failed: tcpip_send_msg_wait_sem /IDF/components/lwip/lwip/src/api/tcpip.c:454 (Invalid mbox)


Backtrace: 0x40081b2d:0x3ffbb5c0 0x400897e1:0x3ffbb5e0 0x400916d1:0x3ffbb600 0x400e02f3:0x3ffbb720 0x400f4906:0x3ffbb750 0x400f4999:0x3ffbb770 0x400f3f35:0x3ffbb7c0 0x400fbc91:0x3ffbb7e0 0x400fc370:0x3ffbb840 0x400d9e13:0x3ffbb870 0x400d9ebb:0x3ffbb910 0x400d9f39:0x3ffbba50 0x4017691f:0x3ffbba80 0x4008a285:0x3ffbbab0




ELF file SHA256: 17b4530cc

Rebooting...
ets Jul 29 2019 12:21:46

rst:0xc (SW_CPU_RESET),boot:0x13 (SPI_FAST_FLASH_BOOT)
configsip: 0, SPIWP:0xee
clk_drv:0x00,q_drv:0x00,d_drv:0x00,cs0_drv:0x00,hd_drv:0x00,wp_drv:0x00
mode:DIO, clock div:2
load:0x3fff0030,len:6328
load:0x40078000,len:15828
load:0x40080400,len:3860
entry 0x40080638
[0;32mI (27) boot: ESP-IDF v5.5-dev-1050-gb5ac4fbdf9 2nd stage bootloader[0m
[0;32mI (27) boot: compile time Apr  1 2025 16:03:06[0m
[0;32mI (27) boot: Multicore bootloader[0m
[0;32mI (30) boot: chip revision: v3.1[0m
[0;32mI (33) boot.esp32: SPI Speed      : 40MHz[0m
[0;32mI (37) boot.esp32: SPI Mode       : DIO[0m
[0;32mI (40) boot.esp32: SPI Flash Size : 2MB[0m
[0;32mI (44) boot: Enabling RNG early entropy source...[0m
[0;32mI (48) boot: Partition Table:[0m
[0;32mI (51) boot: ## Label            Usage          Type ST Offset   Length[0m
[0;32mI (57) boot:  0 nvs              WiFi data        01 02 00009000 00006000[0m
[0;32mI (64) boot:  1 phy_init         RF data          01 01 0000f000 00001000[0m
[0;32mI (70) boot:  2 factory          factory app      00 00 00010000 00100000[0m
[0;32mI (77) boot: End of partition table[0m
[0;32mI (80) esp_image: segment 0: paddr=00010020 vaddr=3f400020 size=31060h (200800) map[0m
[0;32mI (156) esp_image: segment 1: paddr=00041088 vaddr=3ff80000 size=0001ch (    28) load[0m
[0;32mI (157) esp_image: segment 2: paddr=000410ac vaddr=3ffb0000 size=03fd8h ( 16344) load[0m
[0;32mI (166) esp_image: segment 3: paddr=0004508c vaddr=40080000 size=0af8ch ( 44940) load[0m
[0;32mI (185) esp_image: segment 4: paddr=00050020 vaddr=400d0020 size=a880ch (690188) map[0m
[0;32mI (421) esp_image: segment 5: paddr=000f8834 vaddr=4008af8c size=0cb14h ( 51988) load[0m
[0;32mI (453) boot: Loaded app from partition at offset 0x10000[0m
[0;32mI (453) boot: Disabling RNG early entropy source...[0m
[0;32mI (464) cpu_start: Multicore app[0m
[0;32mI (472) cpu_start: Pro cpu start user code[0m
[0;32mI (472) cpu_start: cpu freq: 160000000 Hz[0m
[0;32mI (472) app_init: Application information:[0m
[0;32mI (472) app_init: Project name:     wifiRelay[0m
[0;32mI (476) app_init: App version:      1[0m
[0;32mI (480) app_init: Compile time:     Apr  1 2025 16:05:30[0m
[0;32mI (485) app_init: ELF file SHA256:  17b4530cc...[0m
[0;32mI (489) app_init: ESP-IDF:          v5.5-dev-1050-gb5ac4fbdf9[0m
[0;32mI (495) efuse_init: Min chip rev:     v0.0[0m
[0;32mI (498) efuse_init: Max chip rev:     v3.99 [0m
[0;32mI (502) efuse_init: Chip rev:         v3.1[0m
[0;32mI (507) heap_init: Initializing. RAM available for dynamic allocation:[0m
[0;32mI (513) heap_init: At 3FFAE6E0 len 00001920 (6 KiB): DRAM[0m
[0;32mI (518) heap_init: At 3FFB9780 len 00026880 (154 KiB): DRAM[0m
[0;32mI (523) heap_init: At 3FFE0440 len 00003AE0 (14 KiB): D/IRAM[0m
[0;32mI (528) heap_init: At 3FFE4350 len 0001BCB0 (111 KiB): D/IRAM[0m
[0;32mI (534) heap_init: At 40097AA0 len 00008560 (33 KiB): IRAM[0m
[0;32mI (541) spi_flash: detected chip: generic[0m
[0;32mI (543) spi_flash: flash io: dio[0m
[0;33mW (546) spi_flash: Detected size(4096k) larger than the size in the binary image header(2048k). Using the size in the binary image header.[0m
[0;32mI (559) main_task: Started on CPU0[0m
[0;32mI (569) main_task: Calling app_main()[0m
[0;33mW (609) ESP32_SSL: No WiFi credentials found, starting webserver for setup.[0m

assert failed: tcpip_send_msg_wait_sem /IDF/components/lwip/lwip/src/api/tcpip.c:454 (Invalid mbox)


Backtrace: 0x40081b2d:0x3ffbb5c0 0x400897e1:0x3ffbb5e0 0x400916d1:0x3ffbb600 0x400e02f3:0x3ffbb720 0x400f4906:0x3ffbb750 0x400f4999:0x3ffbb770 0x400f3f35:0x3ffbb7c0 0x400fbc91:0x3ffbb7e0 0x400fc370:0x3ffbb840 0x400d9e13:0x3ffbb870 0x400d9ebb:0x3ffbb910 0x400d9f39:0x3ffbba50 0x4017691f:0x3ffbba80 0x4008a285:0x3ffbbab0




ELF file SHA256: 17b4530cc

Rebooting...
ets Jul 29 2019 12:21:46

rst:0xc (SW_CPU_RESET),boot:0x13 (SPI_FAST_FLASH_BOOT)
configsip: 0, SPIWP:0xee
clk_drv:0x00,q_drv:0x00,d_drv:0x00,cs0_drv:0x00,hd_drv:0x00,wp_drv:0x00
mode:DIO, clock div:2
load:0x3fff0030,len:6328
load:0x40078000,len:15828
load:0x40080400,len:3860
entry 0x40080638
[0;32mI (27) boot: ESP-IDF v5.5-dev-1050-gb5ac4fbdf9 2nd stage bootloader[0m
[0;32mI (27) boot: compile time Apr  1 2025 16:03:06[0m
[0;32mI (27) boot: Multicore bootloader[0m
[0;32mI (30) boot: chip revision: v3.1[0m
[0;32mI (33) boot.esp32: SPI Speed      : 40MHz[0m
[0;32mI (37) boot.esp32: SPI Mode       : DIO[0m
[0;32mI (40) boot.esp32: SPI Flash Size : 2MB[0m
[0;32mI (44) boot: Enabling RNG early entropy source...[0m
[0;32mI (48) boot: Partition Table:[0m
[0;32mI (51) boot: ## Label            Usage          Type ST Offset   Length[0m
[0;32mI (57) boot:  0 nvs              WiFi data        01 02 00009000 00006000[0m
[0;32mI (64) boot:  1 phy_init         RF data          01 01 0000f000 00001000[0m
[0;32mI (70) boot:  2 factory          factory app      00 00 00010000 00100000[0m
[0;32mI (77) boot: End of partition table[0m
[0;32mI (80) esp_image: segment 0: paddr=00010020 vaddr=3f400020 size=31060h (200800) map[0m
[0;32mI (156) esp_image: segment 1: paddr=00041088 vaddr=3ff80000 size=0001ch (    28) load[0m
[0;32mI (157) esp_image: segment 2: paddr=000410ac vaddr=3ffb0000 size=03fd8h ( 16344) load[0m
[0;32mI (166) esp_image: segment 3: paddr=0004508c vaddr=40080000 size=0af8ch ( 44940) load[0m
[0;32mI (185) esp_image: segment 4: paddr=00050020 vaddr=400d0020 size=a880ch (690188) map[0m
[0;32mI (421) esp_image: segment 5: paddr=000f8834 vaddr=4008af8c size=0cb14h ( 51988) load[0m
[0;32mI (453) boot: Loaded app from partition at offset 0x10000[0m
[0;32mI (453) boot: Disabling RNG early entropy source...[0m
[0;32mI (464) cpu_start: Multicore app[0m
[0;32mI (472) cpu_start: Pro cpu start user code[0m
[0;32mI (472) cpu_start: cpu freq: 160000000 Hz[0m
[0;32mI (472) app_init: Application information:[0m
[0;32mI (472) app_init: Project name:     wifiRelay[0m
[0;32mI (476) app_init: App version:      1[0m
[0;32mI (480) app_init: Compile time:     Apr  1 2025 16:05:30[0m
[0;32mI (485) app_init: ELF file SHA256:  17b4530cc...[0m
[0;32mI (489) app_init: ESP-IDF:          v5.5-dev-1050-gb5ac4fbdf9[0m
[0;32mI (495) efuse_init: Min chip rev:     v0.0[0m
[0;32mI (499) efuse_init: Max chip rev:     v3.99 [0m
[0;32mI (503) efuse_init: Chip rev:         v3.1[0m
[0;32mI (507) heap_init: Initializing. RAM available for dynamic allocation:[0m
[0;32mI (513) heap_init: At 3FFAE6E0 len 00001920 (6 KiB): DRAM[0m
[0;32mI (518) heap_init: At 3FFB9780 len 00026880 (154 KiB): DRAM[0m
[0;32mI (523) heap_init: At 3FFE0440 len 00003AE0 (14 KiB): D/IRAM[0m
[0;32mI (528) heap_init: At 3FFE4350 len 0001BCB0 (111 KiB): D/IRAM[0m
[0;32mI (534) heap_init: At 40097AA0 len 00008560 (33 KiB): IRAM[0m
[0;32mI (541) spi_flash: detected chip: generic[0m
[0;32mI (543) spi_flash: flash io: dio[0m
[0;33mW (546) spi_flash: Detected size(4096k) larger than the size in the binary image header(2048k). Using the size in the binary image header.[0m
[0;32mI (559) main_task: Started on CPU0[0m
[0;32mI (569) main_task: Calling app_main()[0m
[0;33mW (609) ESP32_SSL: No WiFi credentials found, starting webserver for setup.[0m

assert failed: tcpip_send_msg_wait_sem /IDF/components/lwip/lwip/src/api/tcpip.c:454 (Invalid mbox)


Backtrace: 0x40081b2d:0x3ffbb5c0 0x400897e1:0x3ffbb5e0 0x400916d1:0x3ffbb600 0x400e02f3:0x3ffbb720 0x400f4906:0x3ffbb750 0x400f4999:0x3ffbb770 0x400f3f35:0x3ffbb7c0 0x400fbc91:0x3ffbb7e0 0x400fc370:0x3ffbb840 0x400d9e13:0x3ffbb870 0x400d9ebb:0x3ffbb910 0x400d9f39:0x3ffbba50 0x4017691f:0x3ffbba80 0x4008a285:0x3ffbbab0




ELF file SHA256: 17b4530cc

Rebooting...
ets Jul 29 2019 12:21:46

rst:0xc (SW_CPU_RESET),boot:0x13 (SPI_FAST_FLASH_BOOT)
configsip: 0, SPIWP:0xee
clk_drv:0x00,q_drv:0x00,d_drv:0x00,cs0_drv:0x00,hd_drv:0x00,wp_drv:0x00
mode:DIO, clock div:2
load:0x3fff0030,len:6328
load:0x40078000,len:15828
load:0x40080400,len:3860
entry 0x40080638
[0;32mI (27) boot: ESP-IDF v5.5-dev-1050-gb5ac4fbdf9 2nd stage bootloader[0m
[0;32mI (27) boot: compile time Apr  1 2025 16:03:06[0m
[0;32mI (27) boot: Multicore bootloader[0m
[0;32mI (30) boot: chip revision: v3.1[0m
[0;32mI (33) boot.esp32: SPI Speed      : 40MHz[0m
[0;32mI (37) boot.esp32: SPI Mode       : DIO[0m
[0;32mI (40) boot.esp32: SPI Flash Size : 2MB[0m
[0;32mI (44) boot: Enabling RNG early entropy source...[0m
[0;32mI (48) boot: Partition Table:[0m
[0;32mI (51) boot: ## Label            Usage          Type ST Offset   Length[0m
[0;32mI (57) boot:  0 nvs              WiFi data        01 02 00009000 00006000[0m
[0;32mI (64) boot:  1 phy_init         RF data          01 01 0000f000 00001000[0m
[0;32mI (70) boot:  2 factory          factory app      00 00 00010000 00100000[0m
[0;32mI (77) boot: End of partition table[0m
